Archive member included to satisfy reference by file (symbol)

/tmp/arduino-sketch-E7AB4B6F768866C00DF1E6B229903E39/core/core.a(cortex_handlers.c.o)
                              (Reset_Handler)
/tmp/arduino-sketch-E7AB4B6F768866C00DF1E6B229903E39/core/core.a(delay.c.o)
                              /tmp/arduino-sketch-E7AB4B6F768866C00DF1E6B229903E39/libraries/AUnit/aunit/PrintXml.cpp.o (millis)
/tmp/arduino-sketch-E7AB4B6F768866C00DF1E6B229903E39/core/core.a(hooks.c.o)
                              /tmp/arduino-sketch-E7AB4B6F768866C00DF1E6B229903E39/core/core.a(delay.c.o) (yield)
/tmp/arduino-sketch-E7AB4B6F768866C00DF1E6B229903E39/core/core.a(startup.c.o)
                              /tmp/arduino-sketch-E7AB4B6F768866C00DF1E6B229903E39/core/core.a(cortex_handlers.c.o) (SystemInit)
/tmp/arduino-sketch-E7AB4B6F768866C00DF1E6B229903E39/core/core.a(wiring.c.o)
                              /tmp/arduino-sketch-E7AB4B6F768866C00DF1E6B229903E39/core/core.a(startup.c.o) (SystemCoreClock)
/tmp/arduino-sketch-E7AB4B6F768866C00DF1E6B229903E39/core/core.a(wiring_analog.c.o)
                              /tmp/arduino-sketch-E7AB4B6F768866C00DF1E6B229903E39/core/core.a(wiring.c.o) (analogReference)
/tmp/arduino-sketch-E7AB4B6F768866C00DF1E6B229903E39/core/core.a(wiring_digital.c.o)
                              /tmp/arduino-sketch-E7AB4B6F768866C00DF1E6B229903E39/core/core.a(wiring_analog.c.o) (pinMode)
/tmp/arduino-sketch-E7AB4B6F768866C00DF1E6B229903E39/core/core.a(wiring_private.c.o)
                              /tmp/arduino-sketch-E7AB4B6F768866C00DF1E6B229903E39/core/core.a(wiring_analog.c.o) (pinPeripheral)
/tmp/arduino-sketch-E7AB4B6F768866C00DF1E6B229903E39/core/core.a(Print.cpp.o)
                              /tmp/arduino-sketch-E7AB4B6F768866C00DF1E6B229903E39/libraries/AUnit/aunit/Assertion.cpp.o (Print::print(__FlashStringHelper const*))
/tmp/arduino-sketch-E7AB4B6F768866C00DF1E6B229903E39/core/core.a(Reset.cpp.o)
                              /tmp/arduino-sketch-E7AB4B6F768866C00DF1E6B229903E39/core/core.a(delay.c.o) (tickReset)
/tmp/arduino-sketch-E7AB4B6F768866C00DF1E6B229903E39/core/core.a(SERCOM.cpp.o)
                              /tmp/arduino-sketch-E7AB4B6F768866C00DF1E6B229903E39/core/variant.cpp.o (SERCOM::SERCOM(Sercom*))
/tmp/arduino-sketch-E7AB4B6F768866C00DF1E6B229903E39/core/core.a(Adafruit_USBD_CDC.cpp.o)
                              /tmp/arduino-sketch-E7AB4B6F768866C00DF1E6B229903E39/sketch/test.ino.cpp.o (Adafruit_USBD_CDC::begin(unsigned long))
/tmp/arduino-sketch-E7AB4B6F768866C00DF1E6B229903E39/core/core.a(Adafruit_TinyUSB_SAMD.cpp.o)
                              /tmp/arduino-sketch-E7AB4B6F768866C00DF1E6B229903E39/core/core.a(Adafruit_USBD_CDC.cpp.o) (Adafruit_TinyUSB_Core_touch1200())
/tmp/arduino-sketch-E7AB4B6F768866C00DF1E6B229903E39/core/core.a(Uart.cpp.o)
                              /tmp/arduino-sketch-E7AB4B6F768866C00DF1E6B229903E39/core/variant.cpp.o (Uart::Uart(SERCOM*, unsigned char, unsigned char, SercomRXPad, SercomUartTXPad))
/tmp/arduino-sketch-E7AB4B6F768866C00DF1E6B229903E39/core/core.a(abi.cpp.o)
                              /tmp/arduino-sketch-E7AB4B6F768866C00DF1E6B229903E39/libraries/AUnit/aunit/Test.cpp.o (__cxa_pure_virtual)
/tmp/arduino-sketch-E7AB4B6F768866C00DF1E6B229903E39/core/core.a(main.cpp.o)
                              /home/ubuntu/.arduino15/packages/arduino/tools/arm-none-eabi-gcc/7-2017q4/bin/../lib/gcc/arm-none-eabi/7.2.1/../../../../arm-none-eabi/lib/thumb/v6-m/crt0.o (main)
/tmp/arduino-sketch-E7AB4B6F768866C00DF1E6B229903E39/core/core.a(cdc_device.c.o)
                              /tmp/arduino-sketch-E7AB4B6F768866C00DF1E6B229903E39/core/core.a(Adafruit_USBD_CDC.cpp.o) (tud_cdc_n_connected)
/tmp/arduino-sketch-E7AB4B6F768866C00DF1E6B229903E39/core/core.a(tusb_fifo.c.o)
                              /tmp/arduino-sketch-E7AB4B6F768866C00DF1E6B229903E39/core/core.a(cdc_device.c.o) (tu_fifo_config)
/tmp/arduino-sketch-E7AB4B6F768866C00DF1E6B229903E39/core/core.a(usbd.c.o)
                              /tmp/arduino-sketch-E7AB4B6F768866C00DF1E6B229903E39/core/core.a(cdc_device.c.o) (tud_mounted)
/tmp/arduino-sketch-E7AB4B6F768866C00DF1E6B229903E39/core/core.a(usbd_control.c.o)
                              /tmp/arduino-sketch-E7AB4B6F768866C00DF1E6B229903E39/core/core.a(cdc_device.c.o) (tud_control_status)
/tmp/arduino-sketch-E7AB4B6F768866C00DF1E6B229903E39/core/core.a(dcd_samd.c.o)
                              /tmp/arduino-sketch-E7AB4B6F768866C00DF1E6B229903E39/core/core.a(usbd.c.o) (dcd_init)
/tmp/arduino-sketch-E7AB4B6F768866C00DF1E6B229903E39/core/core.a(tusb.c.o)
                              /tmp/arduino-sketch-E7AB4B6F768866C00DF1E6B229903E39/core/core.a(Adafruit_TinyUSB_SAMD.cpp.o) (tusb_init)
/tmp/arduino-sketch-E7AB4B6F768866C00DF1E6B229903E39/core/core.a(Adafruit_USBD_Device.cpp.o)
[...]
Memory Configuration

Name             Origin             Length             Attributes
FLASH            0x0000000000002000 0x000000000003e000 xr
RAM              0x0000000020000000 0x0000000000008000 xrw
*default*        0x0000000000000000 0xffffffffffffffff

Linker script and memory map

LOAD /home/ubuntu/.arduino15/packages/arduino/tools/arm-none-eabi-gcc/7-2017q4/bin/../lib/gcc/arm-none-eabi/7.2.1/thumb/v6-m/crti.o
LOAD /home/ubuntu/.arduino15/packages/arduino/tools/arm-none-eabi-gcc/7-2017q4/bin/../lib/gcc/arm-none-eabi/7.2.1/thumb/v6-m/crtbegin.o
LOAD /home/ubuntu/.arduino15/packages/arduino/tools/arm-none-eabi-gcc/7-2017q4/bin/../lib/gcc/arm-none-eabi/7.2.1/../../../../arm-none-eabi/lib/thumb/v6-m/crt0.o
LOAD /tmp/arduino-sketch-E7AB4B6F768866C00DF1E6B229903E39/sketch/test.ino.cpp.o
LOAD /tmp/arduino-sketch-E7AB4B6F768866C00DF1E6B229903E39/libraries/AUnit/aunit/Assertion.cpp.o
LOAD /tmp/arduino-sketch-E7AB4B6F768866C00DF1E6B229903E39/libraries/AUnit/aunit/Compare.cpp.o
LOAD /tmp/arduino-sketch-E7AB4B6F768866C00DF1E6B229903E39/libraries/AUnit/aunit/FCString.cpp.o
LOAD /tmp/arduino-sketch-E7AB4B6F768866C00DF1E6B229903E39/libraries/AUnit/aunit/MetaAssertion.cpp.o
LOAD /tmp/arduino-sketch-E7AB4B6F768866C00DF1E6B229903E39/libraries/AUnit/aunit/PrintXml.cpp.o
LOAD /tmp/arduino-sketch-E7AB4B6F768866C00DF1E6B229903E39/libraries/AUnit/aunit/Printer.cpp.o
LOAD /tmp/arduino-sketch-E7AB4B6F768866C00DF1E6B229903E39/libraries/AUnit/aunit/Test.cpp.o
LOAD /tmp/arduino-sketch-E7AB4B6F768866C00DF1E6B229903E39/libraries/AUnit/aunit/TestAgain.cpp.o
LOAD /tmp/arduino-sketch-E7AB4B6F768866C00DF1E6B229903E39/libraries/AUnit/aunit/TestOnce.cpp.o
LOAD /tmp/arduino-sketch-E7AB4B6F768866C00DF1E6B229903E39/libraries/AUnit/aunit/TestRunner.cpp.o
LOAD /tmp/arduino-sketch-E7AB4B6F768866C00DF1E6B229903E39/libraries/AUnit/aunit/print64.cpp.o
LOAD /tmp/arduino-sketch-E7AB4B6F768866C00DF1E6B229903E39/libraries/AUnit/aunit/string_util.cpp.o
LOAD /tmp/arduino-sketch-E7AB4B6F768866C00DF1E6B229903E39/core/variant.cpp.o
START GROUP
LOAD /home/ubuntu/.arduino15/packages/arduino/tools/CMSIS/4.5.0/CMSIS/Lib/GCC//libarm_cortexM0l_math.a
LOAD /tmp/arduino-sketch-E7AB4B6F768866C00DF1E6B229903E39/core/core.a
END GROUP
LOAD /home/ubuntu/.arduino15/packages/arduino/tools/arm-none-eabi-gcc/7-2017q4/bin/../lib/gcc/arm-none-eabi/7.2.1/../../../../arm-none-eabi/lib/thumb/v6-m/libstdc++_nano.a
LOAD /home/ubuntu/.arduino15/packages/arduino/tools/arm-none-eabi-gcc/7-2017q4/bin/../lib/gcc/arm-none-eabi/7.2.1/../../../../arm-none-eabi/lib/thumb/v6-m/libm.a
START GROUP
LOAD /home/ubuntu/.arduino15/packages/arduino/tools/arm-none-eabi-gcc/7-2017q4/bin/../lib/gcc/arm-none-eabi/7.2.1/thumb/v6-m/libgcc.a
LOAD /home/ubuntu/.arduino15/packages/arduino/tools/arm-none-eabi-gcc/7-2017q4/bin/../lib/gcc/arm-none-eabi/7.2.1/../../../../arm-none-eabi/lib/thumb/v6-m/libc_nano.a
END GROUP
START GROUP
LOAD /home/ubuntu/.arduino15/packages/arduino/tools/arm-none-eabi-gcc/7-2017q4/bin/../lib/gcc/arm-none-eabi/7.2.1/thumb/v6-m/libgcc.a
LOAD /home/ubuntu/.arduino15/packages/arduino/tools/arm-none-eabi-gcc/7-2017q4/bin/../lib/gcc/arm-none-eabi/7.2.1/../../../../arm-none-eabi/lib/thumb/v6-m/libc_nano.a
LOAD /home/ubuntu/.arduino15/packages/arduino/tools/arm-none-eabi-gcc/7-2017q4/bin/../lib/gcc/arm-none-eabi/7.2.1/../../../../arm-none-eabi/lib/thumb/v6-m/libnosys.a
END GROUP
START GROUP
LOAD /home/ubuntu/.arduino15/packages/arduino/tools/arm-none-eabi-gcc/7-2017q4/bin/../lib/gcc/arm-none-eabi/7.2.1/thumb/v6-m/libgcc.a
LOAD /home/ubuntu/.arduino15/packages/arduino/tools/arm-none-eabi-gcc/7-2017q4/bin/../lib/gcc/arm-none-eabi/7.2.1/../../../../arm-none-eabi/lib/thumb/v6-m/libc_nano.a
LOAD /home/ubuntu/.arduino15/packages/arduino/tools/arm-none-eabi-gcc/7-2017q4/bin/../lib/gcc/arm-none-eabi/7.2.1/../../../../arm-none-eabi/lib/thumb/v6-m/libnosys.a
END GROUP
LOAD /home/ubuntu/.arduino15/packages/arduino/tools/arm-none-eabi-gcc/7-2017q4/bin/../lib/gcc/arm-none-eabi/7.2.1/thumb/v6-m/crtend.o
LOAD /home/ubuntu/.arduino15/packages/arduino/tools/arm-none-eabi-gcc/7-2017q4/bin/../lib/gcc/arm-none-eabi/7.2.1/thumb/v6-m/crtn.o

.text           0x0000000000002000     0x5060
                0x0000000000002000                __text_start__ = .
 *(.sketch_boot)
                0x0000000000002000                . = ALIGN (0x2000)
 *(.isr_vector)
 .isr_vector    0x0000000000002000       0xb4 /tmp/arduino-sketch-E7AB4B6F768866C00DF1E6B229903E39/core/core.a(cortex_handlers.c.o)
                0x0000000000002000                exception_table
 *(.text*)
 .text          0x00000000000020b4       0x48 /home/ubuntu/.arduino15/packages/arduino/tools/arm-none-eabi-gcc/7-2017q4/bin/../lib/gcc/arm-none-eabi/7.2.1/thumb/v6-m/crtbegin.o
 .text._ZN5aunit4Test5setupEv
                0x00000000000020fc        0x2 /tmp/arduino-sketch-E7AB4B6F768866C00DF1E6B229903E39/sketch/test.ino.cpp.o
                0x00000000000020fc                aunit::Test::setup()
 .text._ZN5aunit4Test8teardownEv
                0x00000000000020fe        0x2 /tmp/arduino-sketch-E7AB4B6F768866C00DF1E6B229903E39/sketch/test.ino.cpp.o
                0x00000000000020fe                aunit::Test::teardown()
 .text._ZN12test_correct4onceEv
                0x0000000000002100       0x28 /tmp/arduino-sketch-E7AB4B6F768866C00DF1E6B229903E39/sketch/test.ino.cpp.o
                0x0000000000002100                test_correct::once()
 .text._ZN14test_incorrect4onceEv
                0x0000000000002128       0x28 /tmp/arduino-sketch-E7AB4B6F768866C00DF1E6B229903E39/sketch/test.ino.cpp.o
                0x0000000000002128                test_incorrect::once()
 .text._ZN11test_Custom4onceEv
                0x0000000000002150       0x28 /tmp/arduino-sketch-E7AB4B6F768866C00DF1E6B229903E39/sketch/test.ino.cpp.o
                0x0000000000002150                test_Custom::once()
 .text._ZN12test_correctC2Ev
                0x0000000000002178       0x3c /tmp/arduino-sketch-E7AB4B6F768866C00DF1E6B229903E39/sketch/test.ino.cpp.o
                0x0000000000002178                test_correct::test_correct()
                0x0000000000002178                test_correct::test_correct()
 .text._ZN14test_incorrectC2Ev
                0x00000000000021b4       0x3c /tmp/arduino-sketch-E7AB4B6F768866C00DF1E6B229903E39/sketch/test.ino.cpp.o
                0x00000000000021b4                test_incorrect::test_incorrect()
                0x00000000000021b4                test_incorrect::test_incorrect()
 .text._ZN11test_CustomC2Ev
                0x00000000000021f0       0x3c /tmp/arduino-sketch-E7AB4B6F768866C00DF1E6B229903E39/sketch/test.ino.cpp.o
                0x00000000000021f0                test_Custom::test_Custom()
                0x00000000000021f0                test_Custom::test_Custom()
 .text.setup    0x000000000000222c       0x28 /tmp/arduino-sketch-E7AB4B6F768866C00DF1E6B229903E39/sketch/test.ino.cpp.o
                0x000000000000222c                setup
 .text.loop     0x0000000000002254       0x16 /tmp/arduino-sketch-E7AB4B6F768866C00DF1E6B229903E39/sketch/test.ino.cpp.o
                0x0000000000002254                loop
 *fill*         0x000000000000226a        0x2 
 .text.startup._GLOBAL__sub_I_test_correct_instance
                0x000000000000226c       0x24 /tmp/arduino-sketch-E7AB4B6F768866C00DF1E6B229903E39/sketch/test.ino.cpp.o
 .text._ZNK5aunit9Assertion15isOutputEnabledEb
                0x0000000000002290       0x10 /tmp/arduino-sketch-E7AB4B6F768866C00DF1E6B229903E39/libraries/AUnit/aunit/Assertion.cpp.o
                0x0000000000002290                aunit::Assertion::isOutputEnabled(bool) const
 .text._ZN5aunit8internal21printAssertionMessageIiiEEvP5PrintbPKctRKT_S5_RKT0_
                0x00000000000022a0       0xdc /tmp/arduino-sketch-E7AB4B6F768866C00DF1E6B229903E39/libraries/AUnit/aunit/Assertion.cpp.o
                0x00000000000022a0                void aunit::internal::printAssertionMessage<int, int>(Print*, bool, char const*, unsigned short, int const&, char const*, int const&)
 .text._ZN5aunit9Assertion9assertionEPKctiS2_PFbiiEi
                0x000000000000237c       0x58 /tmp/arduino-sketch-E7AB4B6F768866C00DF1E6B229903E39/libraries/AUnit/aunit/Assertion.cpp.o
                0x000000000000237c                aunit::Assertion::assertion(char const*, unsigned short, int, char const*, bool (*)(int, int), int)
 .text._ZN5aunit8internal13compareStringEPKcS2_
                0x00000000000023d4       0x22 /tmp/arduino-sketch-E7AB4B6F768866C00DF1E6B229903E39/libraries/AUnit/aunit/Compare.cpp.o
                0x00000000000023d4                aunit::internal::compareString(char const*, char const*)
 .text._ZN5aunit8internal13compareStringEPKcPK19__FlashStringHelper
                0x00000000000023f6       0x22 /tmp/arduino-sketch-E7AB4B6F768866C00DF1E6B229903E39/libraries/AUnit/aunit/Compare.cpp.o
                0x00000000000023f6                aunit::internal::compareString(char const*, __FlashStringHelper const*)
 .text._ZN5aunit8internal13compareStringEPK19__FlashStringHelperPKc
                0x0000000000002418       0x10 /tmp/arduino-sketch-E7AB4B6F768866C00DF1E6B229903E39/libraries/AUnit/aunit/Compare.cpp.o
                0x0000000000002418                aunit::internal::compareString(__FlashStringHelper const*, char const*)
 .text._ZN5aunit8internal13compareStringEPK19__FlashStringHelperS3_
                0x0000000000002428       0x32 /tmp/arduino-sketch-E7AB4B6F768866C00DF1E6B229903E39/libraries/AUnit/aunit/Compare.cpp.o
                0x0000000000002428                aunit::internal::compareString(__FlashStringHelper const*, __FlashStringHelper const*)
 .text._ZN5aunit8internal12compareEqualEii
                0x000000000000245a        0xa /tmp/arduino-sketch-E7AB4B6F768866C00DF1E6B229903E39/libraries/AUnit/aunit/Compare.cpp.o
                0x000000000000245a                aunit::internal::compareEqual(int, int)
 .text._ZN5aunit8internal15compareNotEqualEii
                0x0000000000002464        0xa /tmp/arduino-sketch-E7AB4B6F768866C00DF1E6B229903E39/libraries/AUnit/aunit/Compare.cpp.o
                0x0000000000002464                aunit::internal::compareNotEqual(int, int)
 .text._ZNK5aunit8internal8FCString5printEP5Print
                0x000000000000246e       0x1e /tmp/arduino-sketch-E7AB4B6F768866C00DF1E6B229903E39/libraries/AUnit/aunit/FCString.cpp.o
                0x000000000000246e                aunit::internal::FCString::print(Print*) const
 .text._ZNK5aunit8internal8FCString9compareToERKS1_
                0x000000000000248c       0x30 /tmp/arduino-sketch-E7AB4B6F768866C00DF1E6B229903E39/libraries/AUnit/aunit/FCString.cpp.o
                0x000000000000248c                aunit::internal::FCString::compareTo(aunit::internal::FCString const&) const
 .text._ZN5aunit8PrintXml6getXmlEv
                0x00000000000024bc       0x2c /tmp/arduino-sketch-E7AB4B6F768866C00DF1E6B229903E39/libraries/AUnit/aunit/PrintXml.cpp.o
                0x00000000000024bc                aunit::PrintXml::getXml()
 .text._ZN5aunit8PrintXml12PrintXmlDataEv
                0x00000000000024e8      0x1c0 /tmp/arduino-sketch-E7AB4B6F768866C00DF1E6B229903E39/libraries/AUnit/aunit/PrintXml.cpp.o
                0x00000000000024e8                aunit::PrintXml::PrintXmlData()
 .text._ZN5aunit8PrintXml7runTestEv
                0x00000000000026a8      0x1c0 /tmp/arduino-sketch-E7AB4B6F768866C00DF1E6B229903E39/libraries/AUnit/aunit/PrintXml.cpp.o
                0x00000000000026a8                aunit::PrintXml::runTest()
 .text._ZN5aunit4Test7getRootEv
                0x0000000000002868        0x8 /tmp/arduino-sketch-E7AB4B6F768866C00DF1E6B229903E39/libraries/AUnit/aunit/Test.cpp.o
                0x0000000000002868                aunit::Test::getRoot()
 .text._ZN5aunit4TestC2Ev
                0x0000000000002870       0x18 /tmp/arduino-sketch-E7AB4B6F768866C00DF1E6B229903E39/libraries/AUnit/aunit/Test.cpp.o
                0x0000000000002870                aunit::Test::Test()
                0x0000000000002870                aunit::Test::Test()
 .text._ZN5aunit4Test13setPassOrFailEb
                0x0000000000002888        0xe /tmp/arduino-sketch-E7AB4B6F768866C00DF1E6B229903E39/libraries/AUnit/aunit/Test.cpp.o
                0x0000000000002888                aunit::Test::setPassOrFail(bool)
 *fill*         0x0000000000002896        0x2 
 .text._ZN5aunit4Test6insertEv
                0x0000000000002898       0x2c /tmp/arduino-sketch-E7AB4B6F768866C00DF1E6B229903E39/libraries/AUnit/aunit/Test.cpp.o
                0x0000000000002898                aunit::Test::insert()
 .text._ZN5aunit4Test7resolveEv
                0x00000000000028c4       0xa4 /tmp/arduino-sketch-E7AB4B6F768866C00DF1E6B229903E39/libraries/AUnit/aunit/Test.cpp.o
                0x00000000000028c4                aunit::Test::resolve()
 .text._ZN5aunit8TestOnce4loopEv
                0x0000000000002968       0x1a /tmp/arduino-sketch-E7AB4B6F768866C00DF1E6B229903E39/libraries/AUnit/aunit/TestOnce.cpp.o
                0x0000000000002968                aunit::TestOnce::loop()
 *fill*         0x0000000000002982        0x2 
 .text._ZN5aunit10TestRunnerC2Ev
                0x0000000000002984       0x28 /tmp/arduino-sketch-E7AB4B6F768866C00DF1E6B229903E39/libraries/AUnit/aunit/TestRunner.cpp.o
                0x0000000000002984                aunit::TestRunner::TestRunner()
                0x0000000000002984                aunit::TestRunner::TestRunner()
 .text._ZN5aunit10TestRunner9getRunnerEv
                0x00000000000029ac       0x24 /tmp/arduino-sketch-E7AB4B6F768866C00DF1E6B229903E39/libraries/AUnit/aunit/TestRunner.cpp.o
                0x00000000000029ac                aunit::TestRunner::getRunner()
 .text._ZN5aunit10TestRunner10countTestsEv
                0x00000000000029d0       0x1a /tmp/arduino-sketch-E7AB4B6F768866C00DF1E6B229903E39/libraries/AUnit/aunit/TestRunner.cpp.o
                0x00000000000029d0                aunit::TestRunner::countTests()
 .text._ZN5aunit10TestRunner11setupRunnerEv
                0x00000000000029ea       0x22 /tmp/arduino-sketch-E7AB4B6F768866C00DF1E6B229903E39/libraries/AUnit/aunit/TestRunner.cpp.o
                0x00000000000029ea                aunit::TestRunner::setupRunner()
 .text._ZNK5aunit10TestRunner16printStartRunnerEv
                0x0000000000002a0c       0x3c /tmp/arduino-sketch-E7AB4B6F768866C00DF1E6B229903E39/libraries/AUnit/aunit/TestRunner.cpp.o
                0x0000000000002a0c                aunit::TestRunner::printStartRunner() const
 .text._ZNK5aunit10TestRunner10resolveRunEv
                0x0000000000002a48       0xfc /tmp/arduino-sketch-E7AB4B6F768866C00DF1E6B229903E39/libraries/AUnit/aunit/TestRunner.cpp.o
                0x0000000000002a48                aunit::TestRunner::resolveRun() const
 .text._ZN5aunit10TestRunner7runTestEv
                0x0000000000002b44      0x132 /tmp/arduino-sketch-E7AB4B6F768866C00DF1E6B229903E39/libraries/AUnit/aunit/TestRunner.cpp.o
                0x0000000000002b44                aunit::TestRunner::runTest()
 *fill*         0x0000000000002c76        0x2 
 .text.SERCOM0_Handler
                0x0000000000002c78       0x10 /tmp/arduino-sketch-E7AB4B6F768866C00DF1E6B229903E39/core/variant.cpp.o
                0x0000000000002c78                SERCOM0_Handler
 .text.SERCOM5_Handler
                0x0000000000002c88       0x10 /tmp/arduino-sketch-E7AB4B6F768866C00DF1E6B229903E39/core/variant.cpp.o
                0x0000000000002c88                SERCOM5_Handler
 .text.startup._GLOBAL__sub_I_g_APinDescription
                0x0000000000002c98       0x94 /tmp/arduino-sketch-E7AB4B6F768866C00DF1E6B229903E39/core/variant.cpp.o
 .text.Dummy_Handler
                0x0000000000002d2c        0x2 /tmp/arduino-sketch-E7AB4B6F768866C00DF1E6B229903E39/core/core.a(cortex_handlers.c.o)
                0x0000000000002d2c                DMAC_Handler
                0x0000000000002d2c                HardFault_Handler
                0x0000000000002d2c                AC_Handler
                0x0000000000002d2c                PendSV_Handler
                0x0000000000002d2c                NMI_Handler
                0x0000000000002d2c                TC7_Handler
                0x0000000000002d2c                SERCOM1_Handler
                0x0000000000002d2c                ADC_Handler
                0x0000000000002d2c                TCC1_Handler
                0x0000000000002d2c                SERCOM2_Handler
                0x0000000000002d2c                TCC0_Handler
                0x0000000000002d2c                RTC_Handler
                0x0000000000002d2c                EIC_Handler
                0x0000000000002d2c                TC6_Handler
                0x0000000000002d2c                WDT_Handler
                0x0000000000002d2c                TC4_Handler
                0x0000000000002d2c                TC3_Handler
                0x0000000000002d2c                Dummy_Handler
                0x0000000000002d2c                PM_Handler
                0x0000000000002d2c                SVC_Handler
                0x0000000000002d2c                TCC2_Handler
                0x0000000000002d2c                EVSYS_Handler
                0x0000000000002d2c                SERCOM3_Handler
                0x0000000000002d2c                SERCOM4_Handler
                0x0000000000002d2c                I2S_Handler
                0x0000000000002d2c                NVMCTRL_Handler
                0x0000000000002d2c                DAC_Handler
                0x0000000000002d2c                PTC_Handler
                0x0000000000002d2c                SYSCTRL_Handler
 *fill*         0x0000000000002d2e        0x2 
 .text.Reset_Handler
                0x0000000000002d30       0x54 /tmp/arduino-sketch-E7AB4B6F768866C00DF1E6B229903E39/core/core.a(cortex_handlers.c.o)
                0x0000000000002d30                Reset_Handler
 .text.SysTick_Handler
                0x0000000000002d84       0x10 /tmp/arduino-sketch-E7AB4B6F768866C00DF1E6B229903E39/core/core.a(cortex_handlers.c.o)
                0x0000000000002d84                SysTick_Handler
 .text.millis   0x0000000000002d94        0xc /tmp/arduino-sketch-E7AB4B6F768866C00DF1E6B229903E39/core/core.a(delay.c.o)
                0x0000000000002d94                millis
 .text.micros   0x0000000000002da0       0x60 /tmp/arduino-sketch-E7AB4B6F768866C00DF1E6B229903E39/core/core.a(delay.c.o)
                0x0000000000002da0                micros
 .text.delay    0x0000000000002e00       0x30 /tmp/arduino-sketch-E7AB4B6F768866C00DF1E6B229903E39/core/core.a(delay.c.o)
                0x0000000000002e00                delay
 .text.SysTick_DefaultHandler
                0x0000000000002e30       0x14 /tmp/arduino-sketch-E7AB4B6F768866C00DF1E6B229903E39/core/core.a(delay.c.o)
                0x0000000000002e30                SysTick_DefaultHandler
 .text.__false  0x0000000000002e44        0x4 /tmp/arduino-sketch-E7AB4B6F768866C00DF1E6B229903E39/core/core.a(hooks.c.o)
                0x0000000000002e44                sysTickHook
 .text.SystemInit
                0x0000000000002e48      0x160 /tmp/arduino-sketch-E7AB4B6F768866C00DF1E6B229903E39/core/core.a(startup.c.o)
                0x0000000000002e48                SystemInit
 .text.init     0x0000000000002fa8       0xe0 /tmp/arduino-sketch-E7AB4B6F768866C00DF1E6B229903E39/core/core.a(wiring.c.o)
                0x0000000000002fa8                init
 .text.analogReference
                0x0000000000003088       0x88 /tmp/arduino-sketch-E7AB4B6F768866C00DF1E6B229903E39/core/core.a(wiring_analog.c.o)
                0x0000000000003088                analogReference
 .text.pinMode  0x0000000000003110       0x60 /tmp/arduino-sketch-E7AB4B6F768866C00DF1E6B229903E39/core/core.a(wiring_digital.c.o)
                0x0000000000003110                pinMode
 .text.digitalWrite
                0x0000000000003170       0x58 /tmp/arduino-sketch-E7AB4B6F768866C00DF1E6B229903E39/core/core.a(wiring_digital.c.o)
                0x0000000000003170                digitalWrite
 .text.pinPeripheral
                0x00000000000031c8       0xc4 /tmp/arduino-sketch-E7AB4B6F768866C00DF1E6B229903E39/core/core.a(wiring_private.c.o)
                0x00000000000031c8                pinPeripheral
 .text._ZN5Print5writeEPKhj
                0x000000000000328c       0x28 /tmp/arduino-sketch-E7AB4B6F768866C00DF1E6B229903E39/core/core.a(Print.cpp.o)
                0x000000000000328c                Print::write(unsigned char const*, unsigned int)
 .text._ZN5Print5writeEPKc.part.2
                0x00000000000032b4       0x1a /tmp/arduino-sketch-E7AB4B6F768866C00DF1E6B229903E39/core/core.a(Print.cpp.o)
 .text._ZN5Print5writeEPKc
                0x00000000000032ce       0x10 /tmp/arduino-sketch-E7AB4B6F768866C00DF1E6B229903E39/core/core.a(Print.cpp.o)
                0x00000000000032ce                Print::write(char const*)
 .text._ZN5Print5printEPK19__FlashStringHelper
                0x00000000000032de        0x8 /tmp/arduino-sketch-E7AB4B6F768866C00DF1E6B229903E39/core/core.a(Print.cpp.o)
                0x00000000000032de                Print::print(__FlashStringHelper const*)
 .text._ZN5Print5printEPKc
                0x00000000000032e6        0x8 /tmp/arduino-sketch-E7AB4B6F768866C00DF1E6B229903E39/core/core.a(Print.cpp.o)
                0x00000000000032e6                Print::print(char const*)
 .text._ZN5Print5printEc
                0x00000000000032ee        0xa /tmp/arduino-sketch-E7AB4B6F768866C00DF1E6B229903E39/core/core.a(Print.cpp.o)
                0x00000000000032ee                Print::print(char)
 .text._ZN5Print7printlnEv
                0x00000000000032f8       0x10 /tmp/arduino-sketch-E7AB4B6F768866C00DF1E6B229903E39/core/core.a(Print.cpp.o)
                0x00000000000032f8                Print::println()
 .text._ZN5Print7printlnEPK19__FlashStringHelper
                0x0000000000003308       0x14 /tmp/arduino-sketch-E7AB4B6F768866C00DF1E6B229903E39/core/core.a(Print.cpp.o)
                0x0000000000003308                Print::println(__FlashStringHelper const*)
 .text._ZN5Print7printlnEPKc
                0x000000000000331c       0x14 /tmp/arduino-sketch-E7AB4B6F768866C00DF1E6B229903E39/core/core.a(Print.cpp.o)
                0x000000000000331c                Print::println(char const*)
 .text._ZN5Print11printNumberEmh
                0x0000000000003330       0x48 /tmp/arduino-sketch-E7AB4B6F768866C00DF1E6B229903E39/core/core.a(Print.cpp.o)
                0x0000000000003330                Print::printNumber(unsigned long, unsigned char)
 .text._ZN5Print5printEli
                0x0000000000003378       0x3e /tmp/arduino-sketch-E7AB4B6F768866C00DF1E6B229903E39/core/core.a(Print.cpp.o)
                0x0000000000003378                Print::print(long, int)
 .text._ZN5Print5printEii
                0x00000000000033b6        0x8 /tmp/arduino-sketch-E7AB4B6F768866C00DF1E6B229903E39/core/core.a(Print.cpp.o)
                0x00000000000033b6                Print::print(int, int)
 *fill*         0x00000000000033be        0x2 
 .text.initiateReset
                0x00000000000033c0        0xc /tmp/arduino-sketch-E7AB4B6F768866C00DF1E6B229903E39/core/core.a(Reset.cpp.o)
                0x00000000000033c0                initiateReset
 .text.tickReset
                0x00000000000033cc       0x78 /tmp/arduino-sketch-E7AB4B6F768866C00DF1E6B229903E39/core/core.a(Reset.cpp.o)
                0x00000000000033cc                tickReset
 .text._ZN6SERCOMC2EP6Sercom
                0x0000000000003444        0x4 /tmp/arduino-sketch-E7AB4B6F768866C00DF1E6B229903E39/core/core.a(SERCOM.cpp.o)
                0x0000000000003444                SERCOM::SERCOM(Sercom*)
                0x0000000000003444                SERCOM::SERCOM(Sercom*)
 .text._ZN6SERCOM9initFrameE18SercomUartCharSize15SercomDataOrder16SercomParityMode19SercomNumberStopBit
                0x0000000000003448       0x3a /tmp/arduino-sketch-E7AB4B6F768866C00DF1E6B229903E39/core/core.a(SERCOM.cpp.o)
                0x0000000000003448                SERCOM::initFrame(SercomUartCharSize, SercomDataOrder, SercomParityMode, SercomNumberStopBit)
 .text._ZN6SERCOM8initPadsE15SercomUartTXPad11SercomRXPad
                0x0000000000003482       0x26 /tmp/arduino-sketch-E7AB4B6F768866C00DF1E6B229903E39/core/core.a(SERCOM.cpp.o)
                0x0000000000003482                SERCOM::initPads(SercomUartTXPad, SercomRXPad)
 .text._ZN6SERCOM9resetUARTEv
                0x00000000000034a8       0x1a /tmp/arduino-sketch-E7AB4B6F768866C00DF1E6B229903E39/core/core.a(SERCOM.cpp.o)
                0x00000000000034a8                SERCOM::resetUART()
 .text._ZN6SERCOM10enableUARTEv
                0x00000000000034c2       0x14 /tmp/arduino-sketch-E7AB4B6F768866C00DF1E6B229903E39/core/core.a(SERCOM.cpp.o)
                0x00000000000034c2                SERCOM::enableUART()
 .text._ZN6SERCOM9flushUARTEv
                0x00000000000034d6       0x10 /tmp/arduino-sketch-E7AB4B6F768866C00DF1E6B229903E39/core/core.a(SERCOM.cpp.o)
                0x00000000000034d6                SERCOM::flushUART()
 .text._ZN6SERCOM15clearStatusUARTEv
                0x00000000000034e6        0x8 /tmp/arduino-sketch-E7AB4B6F768866C00DF1E6B229903E39/core/core.a(SERCOM.cpp.o)
                0x00000000000034e6                SERCOM::clearStatusUART()
 .text._ZN6SERCOM17availableDataUARTEv
                0x00000000000034ee        0xa /tmp/arduino-sketch-E7AB4B6F768866C00DF1E6B229903E39/core/core.a(SERCOM.cpp.o)
                0x00000000000034ee                SERCOM::availableDataUART()
 .text._ZN6SERCOM11isUARTErrorEv
                0x00000000000034f8        0x8 /tmp/arduino-sketch-E7AB4B6F768866C00DF1E6B229903E39/core/core.a(SERCOM.cpp.o)
                0x00000000000034f8                SERCOM::isUARTError()
 .text._ZN6SERCOM20acknowledgeUARTErrorEv
                0x0000000000003500        0xe /tmp/arduino-sketch-E7AB4B6F768866C00DF1E6B229903E39/core/core.a(SERCOM.cpp.o)
                0x0000000000003500                SERCOM::acknowledgeUARTError()
 .text._ZN6SERCOM16isFrameErrorUARTEv
                0x000000000000350e        0xa /tmp/arduino-sketch-E7AB4B6F768866C00DF1E6B229903E39/core/core.a(SERCOM.cpp.o)
                0x000000000000350e                SERCOM::isFrameErrorUART()
 .text._ZN6SERCOM19clearFrameErrorUARTEv
                0x0000000000003518        0xc /tmp/arduino-sketch-E7AB4B6F768866C00DF1E6B229903E39/core/core.a(SERCOM.cpp.o)
                0x0000000000003518                SERCOM::clearFrameErrorUART()
 .text._ZN6SERCOM23isDataRegisterEmptyUARTEv
                0x0000000000003524        0xa /tmp/arduino-sketch-E7AB4B6F768866C00DF1E6B229903E39/core/core.a(SERCOM.cpp.o)
                0x0000000000003524                SERCOM::isDataRegisterEmptyUART()
 .text._ZN6SERCOM12readDataUARTEv
                0x000000000000352e        0x8 /tmp/arduino-sketch-E7AB4B6F768866C00DF1E6B229903E39/core/core.a(SERCOM.cpp.o)
                0x000000000000352e                SERCOM::readDataUART()
 .text._ZN6SERCOM13writeDataUARTEh
                0x0000000000003536       0x10 /tmp/arduino-sketch-E7AB4B6F768866C00DF1E6B229903E39/core/core.a(SERCOM.cpp.o)
                0x0000000000003536                SERCOM::writeDataUART(unsigned char)
 .text._ZN6SERCOM36enableDataRegisterEmptyInterruptUARTEv
                0x0000000000003546        0x8 /tmp/arduino-sketch-E7AB4B6F768866C00DF1E6B229903E39/core/core.a(SERCOM.cpp.o)
                0x0000000000003546                SERCOM::enableDataRegisterEmptyInterruptUART()
 .text._ZN6SERCOM37disableDataRegisterEmptyInterruptUARTEv
                0x000000000000354e        0x8 /tmp/arduino-sketch-E7AB4B6F768866C00DF1E6B229903E39/core/core.a(SERCOM.cpp.o)
                0x000000000000354e                SERCOM::disableDataRegisterEmptyInterruptUART()
 *fill*         0x0000000000003556        0x2 
 .text._ZN6SERCOM14getSercomIndexEv
                0x0000000000003558       0x5c /tmp/arduino-sketch-E7AB4B6F768866C00DF1E6B229903E39/core/core.a(SERCOM.cpp.o)
                0x0000000000003558                SERCOM::getSercomIndex()
 .text._ZN6SERCOM13initClockNVICEv
                0x00000000000035b4       0x90 /tmp/arduino-sketch-E7AB4B6F768866C00DF1E6B229903E39/core/core.a(SERCOM.cpp.o)
                0x00000000000035b4                SERCOM::initClockNVIC()
 .text._ZN6SERCOM8initUARTE14SercomUartMode20SercomUartSampleRatem
                0x0000000000003644       0x6c /tmp/arduino-sketch-E7AB4B6F768866C00DF1E6B229903E39/core/core.a(SERCOM.cpp.o)
                0x0000000000003644                SERCOM::initUART(SercomUartMode, SercomUartSampleRate, unsigned long)
 .text._ZN17Adafruit_USBD_CDC13getDescriptorEhPht
                0x00000000000036b0       0xf4 /tmp/arduino-sketch-E7AB4B6F768866C00DF1E6B229903E39/core/core.a(Adafruit_USBD_CDC.cpp.o)
                0x00000000000036b0                Adafruit_USBD_CDC::getDescriptor(unsigned char, unsigned char*, unsigned short)
 .text._ZThn16_N17Adafruit_USBD_CDC13getDescriptorEhPht
                0x00000000000037a4       0x10 /tmp/arduino-sketch-E7AB4B6F768866C00DF1E6B229903E39/core/core.a(Adafruit_USBD_CDC.cpp.o)
                0x00000000000037a4                non-virtual thunk to Adafruit_USBD_CDC::getDescriptor(unsigned char, unsigned char*, unsigned short)
 .text._ZN17Adafruit_USBD_CDC5writeEh
                0x00000000000037b4       0x14 /tmp/arduino-sketch-E7AB4B6F768866C00DF1E6B229903E39/core/core.a(Adafruit_USBD_CDC.cpp.o)
                0x00000000000037b4                Adafruit_USBD_CDC::write(unsigned char)
 .text._ZN17Adafruit_USBD_CDC9availableEv
                0x00000000000037c8       0x14 /tmp/arduino-sketch-E7AB4B6F768866C00DF1E6B229903E39/core/core.a(Adafruit_USBD_CDC.cpp.o)
                0x00000000000037c8                Adafruit_USBD_CDC::available()
 .text._ZN17Adafruit_USBD_CDC5flushEv
                0x00000000000037dc        0xa /tmp/arduino-sketch-E7AB4B6F768866C00DF1E6B229903E39/core/core.a(Adafruit_USBD_CDC.cpp.o)
                0x00000000000037dc                Adafruit_USBD_CDC::flush()
 .text._ZN17Adafruit_USBD_CDC17availableForWriteEv
                0x00000000000037e6        0xa /tmp/arduino-sketch-E7AB4B6F768866C00DF1E6B229903E39/core/core.a(Adafruit_USBD_CDC.cpp.o)
                0x00000000000037e6                Adafruit_USBD_CDC::availableForWrite()
 .text._ZN17Adafruit_USBD_CDC4peekEv
                0x00000000000037f0       0x1e /tmp/arduino-sketch-E7AB4B6F768866C00DF1E6B229903E39/core/core.a(Adafruit_USBD_CDC.cpp.o)
                0x00000000000037f0                Adafruit_USBD_CDC::peek()
 .text._ZN17Adafruit_USBD_CDC4readEv
                0x000000000000380e       0x1e /tmp/arduino-sketch-E7AB4B6F768866C00DF1E6B229903E39/core/core.a(Adafruit_USBD_CDC.cpp.o)
                0x000000000000380e                Adafruit_USBD_CDC::read()
 .text._ZN17Adafruit_USBD_CDC5writeEPKhj
                0x000000000000382c       0x32 /tmp/arduino-sketch-E7AB4B6F768866C00DF1E6B229903E39/core/core.a(Adafruit_USBD_CDC.cpp.o)
                0x000000000000382c                Adafruit_USBD_CDC::write(unsigned char const*, unsigned int)
 *fill*         0x000000000000385e        0x2 
 .text._ZN17Adafruit_USBD_CDCC2Ev
                0x0000000000003860       0x20 /tmp/arduino-sketch-E7AB4B6F768866C00DF1E6B229903E39/core/core.a(Adafruit_USBD_CDC.cpp.o)
                0x0000000000003860                Adafruit_USBD_CDC::Adafruit_USBD_CDC()
                0x0000000000003860                Adafruit_USBD_CDC::Adafruit_USBD_CDC()
 .text._ZN17Adafruit_USBD_CDC5beginEm
                0x0000000000003880        0x2 /tmp/arduino-sketch-E7AB4B6F768866C00DF1E6B229903E39/core/core.a(Adafruit_USBD_CDC.cpp.o)
                0x0000000000003880                Adafruit_USBD_CDC::begin(unsigned long)
 .text._ZN17Adafruit_USBD_CDCcvbEv
                0x0000000000003882       0x14 /tmp/arduino-sketch-E7AB4B6F768866C00DF1E6B229903E39/core/core.a(Adafruit_USBD_CDC.cpp.o)
                0x0000000000003882                Adafruit_USBD_CDC::operator bool()
 .text.tud_cdc_line_state_cb
                0x0000000000003896       0x1c /tmp/arduino-sketch-E7AB4B6F768866C00DF1E6B229903E39/core/core.a(Adafruit_USBD_CDC.cpp.o)
                0x0000000000003896                tud_cdc_line_state_cb
 *fill*         0x00000000000038b2        0x2 
 .text.startup._GLOBAL__sub_I_Serial
                0x00000000000038b4       0x10 /tmp/arduino-sketch-E7AB4B6F768866C00DF1E6B229903E39/core/core.a(Adafruit_USBD_CDC.cpp.o)
 .text.USB_Handler
                0x00000000000038c4        0xa /tmp/arduino-sketch-E7AB4B6F768866C00DF1E6B229903E39/core/core.a(Adafruit_TinyUSB_SAMD.cpp.o)
                0x00000000000038c4                USB_Handler
 *fill*         0x00000000000038ce        0x2 
 .text._Z26Adafruit_TinyUSB_Core_initv
                0x00000000000038d0       0xd0 /tmp/arduino-sketch-E7AB4B6F768866C00DF1E6B229903E39/core/core.a(Adafruit_TinyUSB_SAMD.cpp.o)
                0x00000000000038d0                Adafruit_TinyUSB_Core_init()
 .text._Z31Adafruit_TinyUSB_Core_touch1200v
                0x00000000000039a0        0xa /tmp/arduino-sketch-E7AB4B6F768866C00DF1E6B229903E39/core/core.a(Adafruit_TinyUSB_SAMD.cpp.o)
                0x00000000000039a0                Adafruit_TinyUSB_Core_touch1200()
 *fill*         0x00000000000039aa        0x2 
 .text._ZN20Adafruit_USBD_Device19getSerialDescriptorEPt
                0x00000000000039ac       0x5c /tmp/arduino-sketch-E7AB4B6F768866C00DF1E6B229903E39/core/core.a(Adafruit_TinyUSB_SAMD.cpp.o)
                0x00000000000039ac                Adafruit_USBD_Device::getSerialDescriptor(unsigned short*)
 .text._ZN4UartcvbEv
                0x0000000000003a08        0x4 /tmp/arduino-sketch-E7AB4B6F768866C00DF1E6B229903E39/core/core.a(Uart.cpp.o)
                0x0000000000003a08                Uart::operator bool()
 .text._ZN4Uart5beginEm
                0x0000000000003a0c       0x10 /tmp/arduino-sketch-E7AB4B6F768866C00DF1E6B229903E39/core/core.a(Uart.cpp.o)
                0x0000000000003a0c                Uart::begin(unsigned long)
 .text._ZN4Uart4peekEv
                0x0000000000003a1c       0x1a /tmp/arduino-sketch-E7AB4B6F768866C00DF1E6B229903E39/core/core.a(Uart.cpp.o)
                0x0000000000003a1c                Uart::peek()
 .text._ZN4Uart3endEv
                0x0000000000003a36       0x20 /tmp/arduino-sketch-E7AB4B6F768866C00DF1E6B229903E39/core/core.a(Uart.cpp.o)
                0x0000000000003a36                Uart::end()
 .text._ZN4Uart16extractNbStopBitEt
                0x0000000000003a56        0xc /tmp/arduino-sketch-E7AB4B6F768866C00DF1E6B229903E39/core/core.a(Uart.cpp.o)
                0x0000000000003a56                Uart::extractNbStopBit(unsigned short)
 .text._ZN4Uart15extractCharSizeEt
                0x0000000000003a62       0x28 /tmp/arduino-sketch-E7AB4B6F768866C00DF1E6B229903E39/core/core.a(Uart.cpp.o)
                0x0000000000003a62                Uart::extractCharSize(unsigned short)
 .text._ZN4Uart13extractParityEt
                0x0000000000003a8a       0x14 /tmp/arduino-sketch-E7AB4B6F768866C00DF1E6B229903E39/core/core.a(Uart.cpp.o)
                0x0000000000003a8a                Uart::extractParity(unsigned short)
 *fill*         0x0000000000003a9e        0x2 
 .text._ZN4Uart5beginEmt
                0x0000000000003aa0       0xf8 /tmp/arduino-sketch-E7AB4B6F768866C00DF1E6B229903E39/core/core.a(Uart.cpp.o)
                0x0000000000003aa0                Uart::begin(unsigned long, unsigned short)
 .text._ZN11RingBufferNILi350EEC2Ev
                0x0000000000003b98       0x1c /tmp/arduino-sketch-E7AB4B6F768866C00DF1E6B229903E39/core/core.a(Uart.cpp.o)
                0x0000000000003b98                RingBufferN<350>::RingBufferN()
                0x0000000000003b98                RingBufferN<350>::RingBufferN()
 .text._ZN4UartC2EP6SERCOMhh11SercomRXPad15SercomUartTXPad
                0x0000000000003bb4       0x74 /tmp/arduino-sketch-E7AB4B6F768866C00DF1E6B229903E39/core/core.a(Uart.cpp.o)
                0x0000000000003bb4                Uart::Uart(SERCOM*, unsigned char, unsigned char, SercomRXPad, SercomUartTXPad)
                0x0000000000003bb4                Uart::Uart(SERCOM*, unsigned char, unsigned char, SercomRXPad, SercomUartTXPad)
 .text._ZN11RingBufferNILi350EE9availableEv
                0x0000000000003c28       0x12 /tmp/arduino-sketch-E7AB4B6F768866C00DF1E6B229903E39/core/core.a(Uart.cpp.o)
                0x0000000000003c28                RingBufferN<350>::available()
 .text._ZN4Uart5flushEv
                0x0000000000003c3a       0x1a /tmp/arduino-sketch-E7AB4B6F768866C00DF1E6B229903E39/core/core.a(Uart.cpp.o)
                0x0000000000003c3a                Uart::flush()
 .text._ZN4Uart9availableEv
                0x0000000000003c54        0xa /tmp/arduino-sketch-E7AB4B6F768866C00DF1E6B229903E39/core/core.a(Uart.cpp.o)
                0x0000000000003c54                Uart::available()
 .text._ZN11RingBufferNILi350EE17availableForStoreEv
                0x0000000000003c5e       0x22 /tmp/arduino-sketch-E7AB4B6F768866C00DF1E6B229903E39/core/core.a(Uart.cpp.o)
                0x0000000000003c5e                RingBufferN<350>::availableForStore()
 .text._ZN4Uart17availableForWriteEv
                0x0000000000003c80        0xc /tmp/arduino-sketch-E7AB4B6F768866C00DF1E6B229903E39/core/core.a(Uart.cpp.o)
                0x0000000000003c80                Uart::availableForWrite()
 .text._ZN4Uart10IrqHandlerEv
                0x0000000000003c8c       0xda /tmp/arduino-sketch-E7AB4B6F768866C00DF1E6B229903E39/core/core.a(Uart.cpp.o)
                0x0000000000003c8c                Uart::IrqHandler()
 *fill*         0x0000000000003d66        0x2 
 .text._ZN4Uart5writeEh
                0x0000000000003d68       0xbc /tmp/arduino-sketch-E7AB4B6F768866C00DF1E6B229903E39/core/core.a(Uart.cpp.o)
                0x0000000000003d68                Uart::write(unsigned char)
 .text._ZN4Uart4readEv
                0x0000000000003e24       0x52 /tmp/arduino-sketch-E7AB4B6F768866C00DF1E6B229903E39/core/core.a(Uart.cpp.o)
                0x0000000000003e24                Uart::read()
 .text.__cxa_pure_virtual
                0x0000000000003e76        0x2 /tmp/arduino-sketch-E7AB4B6F768866C00DF1E6B229903E39/core/core.a(abi.cpp.o)
                0x0000000000003e76                __cxa_pure_virtual
 .text._Z11initVariantv
                0x0000000000003e78        0x2 /tmp/arduino-sketch-E7AB4B6F768866C00DF1E6B229903E39/core/core.a(main.cpp.o)
                0x0000000000003e78                initVariant()
 .text.yield    0x0000000000003e7a        0xe /tmp/arduino-sketch-E7AB4B6F768866C00DF1E6B229903E39/core/core.a(main.cpp.o)
                0x0000000000003e7a                yield
 .text.startup.main
                0x0000000000003e88       0x34 /tmp/arduino-sketch-E7AB4B6F768866C00DF1E6B229903E39/core/core.a(main.cpp.o)
                0x0000000000003e88                main
 .text._prep_out_transaction
                0x0000000000003ebc       0x44 /tmp/arduino-sketch-E7AB4B6F768866C00DF1E6B229903E39/core/core.a(cdc_device.c.o)
 .text.tud_cdc_n_connected
                0x0000000000003f00       0x30 /tmp/arduino-sketch-E7AB4B6F768866C00DF1E6B229903E39/core/core.a(cdc_device.c.o)
                0x0000000000003f00                tud_cdc_n_connected
 .text.tud_cdc_n_get_line_coding
                0x0000000000003f30       0x20 /tmp/arduino-sketch-E7AB4B6F768866C00DF1E6B229903E39/core/core.a(cdc_device.c.o)
                0x0000000000003f30                tud_cdc_n_get_line_coding
 .text.tud_cdc_n_available
                0x0000000000003f50       0x14 /tmp/arduino-sketch-E7AB4B6F768866C00DF1E6B229903E39/core/core.a(cdc_device.c.o)
                0x0000000000003f50                tud_cdc_n_available
 .text.tud_cdc_n_read
                0x0000000000003f64       0x28 /tmp/arduino-sketch-E7AB4B6F768866C00DF1E6B229903E39/core/core.a(cdc_device.c.o)
                0x0000000000003f64                tud_cdc_n_read
 .text.tud_cdc_n_peek
                0x0000000000003f8c       0x1c /tmp/arduino-sketch-E7AB4B6F768866C00DF1E6B229903E39/core/core.a(cdc_device.c.o)
                0x0000000000003f8c                tud_cdc_n_peek
 .text.tud_cdc_n_write
                0x0000000000003fa8       0x1c /tmp/arduino-sketch-E7AB4B6F768866C00DF1E6B229903E39/core/core.a(cdc_device.c.o)
                0x0000000000003fa8                tud_cdc_n_write
 .text.tud_cdc_n_write_flush
                0x0000000000003fc4       0x74 /tmp/arduino-sketch-E7AB4B6F768866C00DF1E6B229903E39/core/core.a(cdc_device.c.o)
                0x0000000000003fc4                tud_cdc_n_write_flush
 .text.tud_cdc_n_write_available
                0x0000000000004038       0x18 /tmp/arduino-sketch-E7AB4B6F768866C00DF1E6B229903E39/core/core.a(cdc_device.c.o)
                0x0000000000004038                tud_cdc_n_write_available
 .text.cdcd_init
                0x0000000000004050       0x5c /tmp/arduino-sketch-E7AB4B6F768866C00DF1E6B229903E39/core/core.a(cdc_device.c.o)
                0x0000000000004050                cdcd_init
 .text.cdcd_reset
                0x00000000000040ac       0x28 /tmp/arduino-sketch-E7AB4B6F768866C00DF1E6B229903E39/core/core.a(cdc_device.c.o)
                0x00000000000040ac                cdcd_reset
 .text.cdcd_open
                0x00000000000040d4       0xa8 /tmp/arduino-sketch-E7AB4B6F768866C00DF1E6B229903E39/core/core.a(cdc_device.c.o)
                0x00000000000040d4                cdcd_open
 .text.cdcd_control_complete
                0x000000000000417c       0x44 /tmp/arduino-sketch-E7AB4B6F768866C00DF1E6B229903E39/core/core.a(cdc_device.c.o)
                0x000000000000417c                cdcd_control_complete
 .text.cdcd_control_request
                0x00000000000041c0       0x70 /tmp/arduino-sketch-E7AB4B6F768866C00DF1E6B229903E39/core/core.a(cdc_device.c.o)
                0x00000000000041c0                cdcd_control_request
 .text.cdcd_xfer_cb
                0x0000000000004230       0xc4 /tmp/arduino-sketch-E7AB4B6F768866C00DF1E6B229903E39/core/core.a(cdc_device.c.o)
                0x0000000000004230                cdcd_xfer_cb
 .text._ff_pull
                0x00000000000042f4       0x36 /tmp/arduino-sketch-E7AB4B6F768866C00DF1E6B229903E39/core/core.a(tusb_fifo.c.o)
 .text._ff_push
                0x000000000000432a       0x40 /tmp/arduino-sketch-E7AB4B6F768866C00DF1E6B229903E39/core/core.a(tusb_fifo.c.o)
 .text.tu_fifo_config
                0x000000000000436a       0x1a /tmp/arduino-sketch-E7AB4B6F768866C00DF1E6B229903E39/core/core.a(tusb_fifo.c.o)
                0x000000000000436a                tu_fifo_config
 .text.tu_fifo_read
                0x0000000000004384       0x16 /tmp/arduino-sketch-E7AB4B6F768866C00DF1E6B229903E39/core/core.a(tusb_fifo.c.o)
                0x0000000000004384                tu_fifo_read
 .text.tu_fifo_read_n
                0x000000000000439a       0x52 /tmp/arduino-sketch-E7AB4B6F768866C00DF1E6B229903E39/core/core.a(tusb_fifo.c.o)
                0x000000000000439a                tu_fifo_read_n
 .text.tu_fifo_peek_at
                0x00000000000043ec       0x30 /tmp/arduino-sketch-E7AB4B6F768866C00DF1E6B229903E39/core/core.a(tusb_fifo.c.o)
                0x00000000000043ec                tu_fifo_peek_at
 .text.tu_fifo_write
                0x000000000000441c       0x1c /tmp/arduino-sketch-E7AB4B6F768866C00DF1E6B229903E39/core/core.a(tusb_fifo.c.o)
                0x000000000000441c                tu_fifo_write
 .text.tu_fifo_write_n
                0x0000000000004438       0x6c /tmp/arduino-sketch-E7AB4B6F768866C00DF1E6B229903E39/core/core.a(tusb_fifo.c.o)
                0x0000000000004438                tu_fifo_write_n
 .text.tu_fifo_clear
                0x00000000000044a4        0xc /tmp/arduino-sketch-E7AB4B6F768866C00DF1E6B229903E39/core/core.a(tusb_fifo.c.o)
                0x00000000000044a4                tu_fifo_clear
 .text.get_driver
                0x00000000000044b0       0x40 /tmp/arduino-sketch-E7AB4B6F768866C00DF1E6B229903E39/core/core.a(usbd.c.o)
 .text.usbd_reset
                0x00000000000044f0       0x54 /tmp/arduino-sketch-E7AB4B6F768866C00DF1E6B229903E39/core/core.a(usbd.c.o)
 .text.osal_queue_send
                0x0000000000004544       0x34 /tmp/arduino-sketch-E7AB4B6F768866C00DF1E6B229903E39/core/core.a(usbd.c.o)
 .text.tud_mounted
                0x0000000000004578       0x10 /tmp/arduino-sketch-E7AB4B6F768866C00DF1E6B229903E39/core/core.a(usbd.c.o)
                0x0000000000004578                tud_mounted
 .text.tud_suspended
                0x0000000000004588       0x10 /tmp/arduino-sketch-E7AB4B6F768866C00DF1E6B229903E39/core/core.a(usbd.c.o)
                0x0000000000004588                tud_suspended
 .text.tud_init
                0x0000000000004598       0x6c /tmp/arduino-sketch-E7AB4B6F768866C00DF1E6B229903E39/core/core.a(usbd.c.o)
                0x0000000000004598                tud_init
 .text.dcd_event_handler
                0x0000000000004604       0x68 /tmp/arduino-sketch-E7AB4B6F768866C00DF1E6B229903E39/core/core.a(usbd.c.o)
                0x0000000000004604                dcd_event_handler
 .text.dcd_event_bus_signal
                0x000000000000466c       0x28 /tmp/arduino-sketch-E7AB4B6F768866C00DF1E6B229903E39/core/core.a(usbd.c.o)
                0x000000000000466c                dcd_event_bus_signal
 .text.dcd_event_setup_received
                0x0000000000004694       0x28 /tmp/arduino-sketch-E7AB4B6F768866C00DF1E6B229903E39/core/core.a(usbd.c.o)
                0x0000000000004694                dcd_event_setup_received
 .text.dcd_event_xfer_complete
                0x00000000000046bc       0x3c /tmp/arduino-sketch-E7AB4B6F768866C00DF1E6B229903E39/core/core.a(usbd.c.o)
                0x00000000000046bc                dcd_event_xfer_complete
 .text.usbd_open_edpt_pair
                0x00000000000046f8       0x4e /tmp/arduino-sketch-E7AB4B6F768866C00DF1E6B229903E39/core/core.a(usbd.c.o)
                0x00000000000046f8                usbd_open_edpt_pair
 .text.usbd_edpt_open
                0x0000000000004746        0x8 /tmp/arduino-sketch-E7AB4B6F768866C00DF1E6B229903E39/core/core.a(usbd.c.o)
                0x0000000000004746                usbd_edpt_open
 *fill*         0x000000000000474e        0x2 
 .text.usbd_edpt_claim
                0x0000000000004750       0x30 /tmp/arduino-sketch-E7AB4B6F768866C00DF1E6B229903E39/core/core.a(usbd.c.o)
                0x0000000000004750                usbd_edpt_claim
 .text.usbd_edpt_release
                0x0000000000004780       0x30 /tmp/arduino-sketch-E7AB4B6F768866C00DF1E6B229903E39/core/core.a(usbd.c.o)
                0x0000000000004780                usbd_edpt_release
 .text.usbd_edpt_xfer
                0x00000000000047b0       0x40 /tmp/arduino-sketch-E7AB4B6F768866C00DF1E6B229903E39/core/core.a(usbd.c.o)
                0x00000000000047b0                usbd_edpt_xfer
 .text.usbd_edpt_busy
                0x00000000000047f0       0x1c /tmp/arduino-sketch-E7AB4B6F768866C00DF1E6B229903E39/core/core.a(usbd.c.o)
                0x00000000000047f0                usbd_edpt_busy
 .text.usbd_edpt_stall
                0x000000000000480c       0x30 /tmp/arduino-sketch-E7AB4B6F768866C00DF1E6B229903E39/core/core.a(usbd.c.o)
                0x000000000000480c                usbd_edpt_stall
 .text.usbd_edpt_clear_stall
                0x000000000000483c       0x30 /tmp/arduino-sketch-E7AB4B6F768866C00DF1E6B229903E39/core/core.a(usbd.c.o)
                0x000000000000483c                usbd_edpt_clear_stall
 .text.tud_task
                0x000000000000486c      0x548 /tmp/arduino-sketch-E7AB4B6F768866C00DF1E6B229903E39/core/core.a(usbd.c.o)
                0x000000000000486c                tud_task
 .text.usbd_edpt_stalled
                0x0000000000004db4       0x1c /tmp/arduino-sketch-E7AB4B6F768866C00DF1E6B229903E39/core/core.a(usbd.c.o)
                0x0000000000004db4                usbd_edpt_stalled
 .text._data_stage_xact
                0x0000000000004dd0       0x58 /tmp/arduino-sketch-E7AB4B6F768866C00DF1E6B229903E39/core/core.a(usbd_control.c.o)
 .text.tud_control_status
                0x0000000000004e28       0x30 /tmp/arduino-sketch-E7AB4B6F768866C00DF1E6B229903E39/core/core.a(usbd_control.c.o)
                0x0000000000004e28                tud_control_status
 .text.tud_control_xfer
                0x0000000000004e58       0x60 /tmp/arduino-sketch-E7AB4B6F768866C00DF1E6B229903E39/core/core.a(usbd_control.c.o)
                0x0000000000004e58                tud_control_xfer
 .text.usbd_control_reset
                0x0000000000004eb8       0x14 /tmp/arduino-sketch-E7AB4B6F768866C00DF1E6B229903E39/core/core.a(usbd_control.c.o)
                0x0000000000004eb8                usbd_control_reset
 .text.usbd_control_set_complete_callback
                0x0000000000004ecc        0xc /tmp/arduino-sketch-E7AB4B6F768866C00DF1E6B229903E39/core/core.a(usbd_control.c.o)
                0x0000000000004ecc                usbd_control_set_complete_callback
 .text.usbd_control_set_request
                0x0000000000004ed8       0x1c /tmp/arduino-sketch-E7AB4B6F768866C00DF1E6B229903E39/core/core.a(usbd_control.c.o)
                0x0000000000004ed8                usbd_control_set_request
 .text.usbd_control_xfer_cb
                0x0000000000004ef4       0xa4 /tmp/arduino-sketch-E7AB4B6F768866C00DF1E6B229903E39/core/core.a(usbd_control.c.o)
                0x0000000000004ef4                usbd_control_xfer_cb
 .text.dcd_init
                0x0000000000004f98       0x90 /tmp/arduino-sketch-E7AB4B6F768866C00DF1E6B229903E39/core/core.a(dcd_samd.c.o)
                0x0000000000004f98                dcd_init
 .text.dcd_int_enable
                0x0000000000005028        0xc /tmp/arduino-sketch-E7AB4B6F768866C00DF1E6B229903E39/core/core.a(dcd_samd.c.o)
                0x0000000000005028                dcd_int_enable
 .text.dcd_int_disable
                0x0000000000005034        0xc /tmp/arduino-sketch-E7AB4B6F768866C00DF1E6B229903E39/core/core.a(dcd_samd.c.o)
                0x0000000000005034                dcd_int_disable
 .text.dcd_edpt0_status_complete
                0x0000000000005040       0x44 /tmp/arduino-sketch-E7AB4B6F768866C00DF1E6B229903E39/core/core.a(dcd_samd.c.o)
                0x0000000000005040                dcd_edpt0_status_complete
 .text.dcd_edpt_open
                0x0000000000005084       0xc0 /tmp/arduino-sketch-E7AB4B6F768866C00DF1E6B229903E39/core/core.a(dcd_samd.c.o)
                0x0000000000005084                dcd_edpt_open
 .text.dcd_edpt_xfer
                0x0000000000005144       0xa4 /tmp/arduino-sketch-E7AB4B6F768866C00DF1E6B229903E39/core/core.a(dcd_samd.c.o)
                0x0000000000005144                dcd_edpt_xfer
 .text.dcd_set_address
                0x00000000000051e8       0x1c /tmp/arduino-sketch-E7AB4B6F768866C00DF1E6B229903E39/core/core.a(dcd_samd.c.o)
                0x00000000000051e8                dcd_set_address
 .text.dcd_edpt_stall
                0x0000000000005204       0x1c /tmp/arduino-sketch-E7AB4B6F768866C00DF1E6B229903E39/core/core.a(dcd_samd.c.o)
                0x0000000000005204                dcd_edpt_stall
 .text.dcd_edpt_clear_stall
                0x0000000000005220       0x1c /tmp/arduino-sketch-E7AB4B6F768866C00DF1E6B229903E39/core/core.a(dcd_samd.c.o)
                0x0000000000005220                dcd_edpt_clear_stall
 .text.maybe_transfer_complete
                0x000000000000523c       0x84 /tmp/arduino-sketch-E7AB4B6F768866C00DF1E6B229903E39/core/core.a(dcd_samd.c.o)
                0x000000000000523c                maybe_transfer_complete
 .text.dcd_int_handler
                0x00000000000052c0       0xd0 /tmp/arduino-sketch-E7AB4B6F768866C00DF1E6B229903E39/core/core.a(dcd_samd.c.o)
                0x00000000000052c0                dcd_int_handler
 .text.tusb_init
                0x0000000000005390       0x20 /tmp/arduino-sketch-E7AB4B6F768866C00DF1E6B229903E39/core/core.a(tusb.c.o)
                0x0000000000005390                tusb_init
 .text.tusb_inited
                0x00000000000053b0        0xc /tmp/arduino-sketch-E7AB4B6F768866C00DF1E6B229903E39/core/core.a(tusb.c.o)
                0x00000000000053b0                tusb_inited
 .text._ZN20Adafruit_USBD_DeviceC2Ev
                0x00000000000053bc       0x94 /tmp/arduino-sketch-E7AB4B6F768866C00DF1E6B229903E39/core/core.a(Adafruit_USBD_Device.cpp.o)
                0x00000000000053bc                Adafruit_USBD_Device::Adafruit_USBD_Device()
                0x00000000000053bc                Adafruit_USBD_Device::Adafruit_USBD_Device()
 .text._ZN20Adafruit_USBD_Device12addInterfaceER23Adafruit_USBD_Interface
                0x0000000000005450       0xcc /tmp/arduino-sketch-E7AB4B6F768866C00DF1E6B229903E39/core/core.a(Adafruit_USBD_Device.cpp.o)
                0x0000000000005450                Adafruit_USBD_Device::addInterface(Adafruit_USBD_Interface&)
 .text._ZN20Adafruit_USBD_Device5setIDEtt
                0x000000000000551c        0x6 /tmp/arduino-sketch-E7AB4B6F768866C00DF1E6B229903E39/core/core.a(Adafruit_USBD_Device.cpp.o)
                0x000000000000551c                Adafruit_USBD_Device::setID(unsigned short, unsigned short)
 .text._ZN20Adafruit_USBD_Device5beginEv
                0x0000000000005522        0x4 /tmp/arduino-sketch-E7AB4B6F768866C00DF1E6B229903E39/core/core.a(Adafruit_USBD_Device.cpp.o)
                0x0000000000005522                Adafruit_USBD_Device::begin()
 *fill*         0x0000000000005526        0x2 
 .text._ZN20Adafruit_USBD_Device20descriptor_string_cbEht
                0x0000000000005528      0x160 /tmp/arduino-sketch-E7AB4B6F768866C00DF1E6B229903E39/core/core.a(Adafruit_USBD_Device.cpp.o)
                0x0000000000005528                Adafruit_USBD_Device::descriptor_string_cb(unsigned char, unsigned short)
 .text.tud_descriptor_device_cb
                0x0000000000005688        0x8 /tmp/arduino-sketch-E7AB4B6F768866C00DF1E6B229903E39/core/core.a(Adafruit_USBD_Device.cpp.o)
                0x0000000000005688                tud_descriptor_device_cb
 .text.tud_descriptor_configuration_cb
                0x0000000000005690        0xc /tmp/arduino-sketch-E7AB4B6F768866C00DF1E6B229903E39/core/core.a(Adafruit_USBD_Device.cpp.o)
                0x0000000000005690                tud_descriptor_configuration_cb
 .text.tud_descriptor_string_cb
                0x000000000000569c       0x14 /tmp/arduino-sketch-E7AB4B6F768866C00DF1E6B229903E39/core/core.a(Adafruit_USBD_Device.cpp.o)
                0x000000000000569c                tud_descriptor_string_cb
 .text.tud_hid_descriptor_report_cb
                0x00000000000056b0        0x4 /tmp/arduino-sketch-E7AB4B6F768866C00DF1E6B229903E39/core/core.a(Adafruit_USBD_Device.cpp.o)
                0x00000000000056b0                tud_hid_descriptor_report_cb
 .text.tud_hid_get_report_cb
                0x00000000000056b4        0x4 /tmp/arduino-sketch-E7AB4B6F768866C00DF1E6B229903E39/core/core.a(Adafruit_USBD_Device.cpp.o)
                0x00000000000056b4                tud_hid_get_report_cb
 .text.tud_hid_set_report_cb
                0x00000000000056b8        0x2 /tmp/arduino-sketch-E7AB4B6F768866C00DF1E6B229903E39/core/core.a(Adafruit_USBD_Device.cpp.o)
                0x00000000000056b8                tud_hid_set_report_cb
 .text.tud_msc_read10_cb
                0x00000000000056ba        0x6 /tmp/arduino-sketch-E7AB4B6F768866C00DF1E6B229903E39/core/core.a(Adafruit_USBD_Device.cpp.o)
                0x00000000000056ba                tud_msc_read10_cb
 .text.tud_msc_write10_cb
                0x00000000000056c0        0x6 /tmp/arduino-sketch-E7AB4B6F768866C00DF1E6B229903E39/core/core.a(Adafruit_USBD_Device.cpp.o)
                0x00000000000056c0                tud_msc_write10_cb
 .text.tud_msc_inquiry_cb
                0x00000000000056c6        0x2 /tmp/arduino-sketch-E7AB4B6F768866C00DF1E6B229903E39/core/core.a(Adafruit_USBD_Device.cpp.o)
                0x00000000000056c6                tud_msc_inquiry_cb
 .text.tud_msc_test_unit_ready_cb
                0x00000000000056c8        0x4 /tmp/arduino-sketch-E7AB4B6F768866C00DF1E6B229903E39/core/core.a(Adafruit_USBD_Device.cpp.o)
                0x00000000000056c8                tud_msc_test_unit_ready_cb
 .text.tud_msc_capacity_cb
                0x00000000000056cc        0x2 /tmp/arduino-sketch-E7AB4B6F768866C00DF1E6B229903E39/core/core.a(Adafruit_USBD_Device.cpp.o)
                0x00000000000056cc                tud_msc_capacity_cb
 .text.tud_msc_scsi_cb
                0x00000000000056ce        0x6 /tmp/arduino-sketch-E7AB4B6F768866C00DF1E6B229903E39/core/core.a(Adafruit_USBD_Device.cpp.o)
                0x00000000000056ce                tud_msc_scsi_cb
 .text.startup._GLOBAL__sub_I_USBDevice
                0x00000000000056d4       0x10 /tmp/arduino-sketch-E7AB4B6F768866C00DF1E6B229903E39/core/core.a(Adafruit_USBD_Device.cpp.o)
 .text.hidd_reset
                0x00000000000056e4       0x14 /tmp/arduino-sketch-E7AB4B6F768866C00DF1E6B229903E39/core/core.a(hid_device.c.o)
                0x00000000000056e4                hidd_reset
 .text.hidd_init
                0x00000000000056f8        0xa /tmp/arduino-sketch-E7AB4B6F768866C00DF1E6B229903E39/core/core.a(hid_device.c.o)
                0x00000000000056f8                hidd_init
 *fill*         0x0000000000005702        0x2 
 .text.hidd_open
                0x0000000000005704       0x98 /tmp/arduino-sketch-E7AB4B6F768866C00DF1E6B229903E39/core/core.a(hid_device.c.o)
                0x0000000000005704                hidd_open
 .text.hidd_control_request
                0x000000000000579c      0x114 /tmp/arduino-sketch-E7AB4B6F768866C00DF1E6B229903E39/core/core.a(hid_device.c.o)
                0x000000000000579c                hidd_control_request
 .text.hidd_control_complete
                0x00000000000058b0       0x4c /tmp/arduino-sketch-E7AB4B6F768866C00DF1E6B229903E39/core/core.a(hid_device.c.o)
                0x00000000000058b0                hidd_control_complete
 .text.hidd_xfer_cb
                0x00000000000058fc       0x30 /tmp/arduino-sketch-E7AB4B6F768866C00DF1E6B229903E39/core/core.a(hid_device.c.o)
                0x00000000000058fc                hidd_xfer_cb
 .text.write_flush
                0x000000000000592c       0x4a /tmp/arduino-sketch-E7AB4B6F768866C00DF1E6B229903E39/core/core.a(midi_device.c.o)
 *fill*         0x0000000000005976        0x2 
 .text.midid_init
                0x0000000000005978       0x44 /tmp/arduino-sketch-E7AB4B6F768866C00DF1E6B229903E39/core/core.a(midi_device.c.o)
                0x0000000000005978                midid_init
 .text.midid_reset
                0x00000000000059bc       0x24 /tmp/arduino-sketch-E7AB4B6F768866C00DF1E6B229903E39/core/core.a(midi_device.c.o)
                0x00000000000059bc                midid_reset
 .text.midid_open
                0x00000000000059e0       0xd4 /tmp/arduino-sketch-E7AB4B6F768866C00DF1E6B229903E39/core/core.a(midi_device.c.o)
                0x00000000000059e0                midid_open
 .text.midid_control_complete
                0x0000000000005ab4        0x4 /tmp/arduino-sketch-E7AB4B6F768866C00DF1E6B229903E39/core/core.a(midi_device.c.o)
                0x0000000000005ab4                midid_control_complete
 .text.midid_control_request
                0x0000000000005ab8        0x4 /tmp/arduino-sketch-E7AB4B6F768866C00DF1E6B229903E39/core/core.a(midi_device.c.o)
                0x0000000000005ab8                midid_control_request
 .text.midid_xfer_cb
                0x0000000000005abc       0x88 /tmp/arduino-sketch-E7AB4B6F768866C00DF1E6B229903E39/core/core.a(midi_device.c.o)
                0x0000000000005abc                midid_xfer_cb
 .text.proc_write10_cmd.constprop.2
                0x0000000000005b44       0x68 /tmp/arduino-sketch-E7AB4B6F768866C00DF1E6B229903E39/core/core.a(msc_device.c.o)
 .text.proc_read10_cmd.constprop.1
                0x0000000000005bac       0xbc /tmp/arduino-sketch-E7AB4B6F768866C00DF1E6B229903E39/core/core.a(msc_device.c.o)
 .text.mscd_init
                0x0000000000005c68       0x14 /tmp/arduino-sketch-E7AB4B6F768866C00DF1E6B229903E39/core/core.a(msc_device.c.o)
                0x0000000000005c68                mscd_init
 .text.mscd_reset
                0x0000000000005c7c       0x14 /tmp/arduino-sketch-E7AB4B6F768866C00DF1E6B229903E39/core/core.a(msc_device.c.o)
                0x0000000000005c7c                mscd_reset
 .text.mscd_open
                0x0000000000005c90       0x58 /tmp/arduino-sketch-E7AB4B6F768866C00DF1E6B229903E39/core/core.a(msc_device.c.o)
                0x0000000000005c90                mscd_open
 .text.mscd_control_request
                0x0000000000005ce8       0x58 /tmp/arduino-sketch-E7AB4B6F768866C00DF1E6B229903E39/core/core.a(msc_device.c.o)
                0x0000000000005ce8                mscd_control_request
 .text.mscd_control_complete
                0x0000000000005d40        0x4 /tmp/arduino-sketch-E7AB4B6F768866C00DF1E6B229903E39/core/core.a(msc_device.c.o)
                0x0000000000005d40                mscd_control_complete
 .text.proc_builtin_scsi
                0x0000000000005d44      0x1c4 /tmp/arduino-sketch-E7AB4B6F768866C00DF1E6B229903E39/core/core.a(msc_device.c.o)
                0x0000000000005d44                proc_builtin_scsi
 .text.mscd_xfer_cb
                0x0000000000005f08      0x2e8 /tmp/arduino-sketch-E7AB4B6F768866C00DF1E6B229903E39/core/core.a(msc_device.c.o)
                0x0000000000005f08                mscd_xfer_cb
 .text._prep_out_transaction
                0x00000000000061f0       0x2a /tmp/arduino-sketch-E7AB4B6F768866C00DF1E6B229903E39/core/core.a(vendor_device.c.o)
 .text.maybe_transmit
                0x000000000000621a       0x38 /tmp/arduino-sketch-E7AB4B6F768866C00DF1E6B229903E39/core/core.a(vendor_device.c.o)
 *fill*         0x0000000000006252        0x2 
 .text.vendord_init
                0x0000000000006254       0x44 /tmp/arduino-sketch-E7AB4B6F768866C00DF1E6B229903E39/core/core.a(vendor_device.c.o)
                0x0000000000006254                vendord_init
 .text.vendord_reset
                0x0000000000006298       0x24 /tmp/arduino-sketch-E7AB4B6F768866C00DF1E6B229903E39/core/core.a(vendor_device.c.o)
                0x0000000000006298                vendord_reset
 .text.vendord_open
                0x00000000000062bc       0x68 /tmp/arduino-sketch-E7AB4B6F768866C00DF1E6B229903E39/core/core.a(vendor_device.c.o)
                0x00000000000062bc                vendord_open
 .text.vendord_xfer_cb
                0x0000000000006324       0x4c /tmp/arduino-sketch-E7AB4B6F768866C00DF1E6B229903E39/core/core.a(vendor_device.c.o)
                0x0000000000006324                vendord_xfer_cb
 .text          0x0000000000006370       0x14 /home/ubuntu/.arduino15/packages/arduino/tools/arm-none-eabi-gcc/7-2017q4/bin/../lib/gcc/arm-none-eabi/7.2.1/thumb/v6-m/libgcc.a(_thumb1_case_sqi.o)
                0x0000000000006370                __gnu_thumb1_case_sqi
 .text          0x0000000000006384       0x14 /home/ubuntu/.arduino15/packages/arduino/tools/arm-none-eabi-gcc/7-2017q4/bin/../lib/gcc/arm-none-eabi/7.2.1/thumb/v6-m/libgcc.a(_thumb1_case_uqi.o)
                0x0000000000006384                __gnu_thumb1_case_uqi
 .text          0x0000000000006398       0x14 /home/ubuntu/.arduino15/packages/arduino/tools/arm-none-eabi-gcc/7-2017q4/bin/../lib/gcc/arm-none-eabi/7.2.1/thumb/v6-m/libgcc.a(_thumb1_case_shi.o)
                0x0000000000006398                __gnu_thumb1_case_shi
 .text          0x00000000000063ac       0x14 /home/ubuntu/.arduino15/packages/arduino/tools/arm-none-eabi-gcc/7-2017q4/bin/../lib/gcc/arm-none-eabi/7.2.1/thumb/v6-m/libgcc.a(_thumb1_case_uhi.o)
                0x00000000000063ac                __gnu_thumb1_case_uhi
 .text          0x00000000000063c0      0x114 /home/ubuntu/.arduino15/packages/arduino/tools/arm-none-eabi-gcc/7-2017q4/bin/../lib/gcc/arm-none-eabi/7.2.1/thumb/v6-m/libgcc.a(_udivsi3.o)
                0x00000000000063c0                __udivsi3
                0x00000000000063c0                __aeabi_uidiv
                0x00000000000064cc                __aeabi_uidivmod
 .text          0x00000000000064d4        0x4 /home/ubuntu/.arduino15/packages/arduino/tools/arm-none-eabi-gcc/7-2017q4/bin/../lib/gcc/arm-none-eabi/7.2.1/thumb/v6-m/libgcc.a(_dvmd_tls.o)
                0x00000000000064d4                __aeabi_ldiv0
                0x00000000000064d4                __aeabi_idiv0
 .text.__libc_init_array
                0x00000000000064d8       0x48 /home/ubuntu/.arduino15/packages/arduino/tools/arm-none-eabi-gcc/7-2017q4/bin/../lib/gcc/arm-none-eabi/7.2.1/../../../../arm-none-eabi/lib/thumb/v6-m/libc_nano.a(lib_a-init.o)
                0x00000000000064d8                __libc_init_array
 .text.memcpy   0x0000000000006520       0x12 /home/ubuntu/.arduino15/packages/arduino/tools/arm-none-eabi-gcc/7-2017q4/bin/../lib/gcc/arm-none-eabi/7.2.1/../../../../arm-none-eabi/lib/thumb/v6-m/libc_nano.a(lib_a-memcpy-stub.o)
                0x0000000000006520                memcpy
 .text.memmove  0x0000000000006532       0x26 /home/ubuntu/.arduino15/packages/arduino/tools/arm-none-eabi-gcc/7-2017q4/bin/../lib/gcc/arm-none-eabi/7.2.1/../../../../arm-none-eabi/lib/thumb/v6-m/libc_nano.a(lib_a-memmove.o)
                0x0000000000006532                memmove
 .text.memset   0x0000000000006558       0x10 /home/ubuntu/.arduino15/packages/arduino/tools/arm-none-eabi-gcc/7-2017q4/bin/../lib/gcc/arm-none-eabi/7.2.1/../../../../arm-none-eabi/lib/thumb/v6-m/libc_nano.a(lib_a-memset.o)
                0x0000000000006558                memset
 .text          0x0000000000006568       0x14 /home/ubuntu/.arduino15/packages/arduino/tools/arm-none-eabi-gcc/7-2017q4/bin/../lib/gcc/arm-none-eabi/7.2.1/../../../../arm-none-eabi/lib/thumb/v6-m/libc_nano.a(lib_a-strcmp.o)
                0x0000000000006568                strcmp
 .text          0x000000000000657c        0xe /home/ubuntu/.arduino15/packages/arduino/tools/arm-none-eabi-gcc/7-2017q4/bin/../lib/gcc/arm-none-eabi/7.2.1/../../../../arm-none-eabi/lib/thumb/v6-m/libc_nano.a(lib_a-strlen.o)
                0x000000000000657c                strlen
 *(.init)
 *fill*         0x000000000000658a        0x2 
 .init          0x000000000000658c        0x4 /home/ubuntu/.arduino15/packages/arduino/tools/arm-none-eabi-gcc/7-2017q4/bin/../lib/gcc/arm-none-eabi/7.2.1/thumb/v6-m/crti.o
                0x000000000000658c                _init
 .init          0x0000000000006590        0x8 /home/ubuntu/.arduino15/packages/arduino/tools/arm-none-eabi-gcc/7-2017q4/bin/../lib/gcc/arm-none-eabi/7.2.1/thumb/v6-m/crtn.o
 *(.fini)
 .fini          0x0000000000006598        0x4 /home/ubuntu/.arduino15/packages/arduino/tools/arm-none-eabi-gcc/7-2017q4/bin/../lib/gcc/arm-none-eabi/7.2.1/thumb/v6-m/crti.o
                0x0000000000006598                _fini
 .fini          0x000000000000659c        0x8 /home/ubuntu/.arduino15/packages/arduino/tools/arm-none-eabi-gcc/7-2017q4/bin/../lib/gcc/arm-none-eabi/7.2.1/thumb/v6-m/crtn.o
 *crtbegin.o(.ctors)
 *crtbegin?.o(.ctors)
 *(EXCLUDE_FILE(*crtend.o *crtend?.o) .ctors)
 *(SORT_BY_NAME(.ctors.*))
 *(.ctors)
 *crtbegin.o(.dtors)
 *crtbegin?.o(.dtors)
 *(EXCLUDE_FILE(*crtend.o *crtend?.o) .dtors)
 *(SORT_BY_NAME(.dtors.*))
 *(.dtors)
 *(.rodata*)
 .rodata._ZN11test_CustomC2Ev.str1.1
                0x00000000000065a4        0x7 /tmp/arduino-sketch-E7AB4B6F768866C00DF1E6B229903E39/sketch/test.ino.cpp.o
 .rodata._ZN12test_correct4onceEv.str1.1
                0x00000000000065ab       0x37 /tmp/arduino-sketch-E7AB4B6F768866C00DF1E6B229903E39/sketch/test.ino.cpp.o
 .rodata._ZN12test_correctC2Ev.str1.1
                0x00000000000065e2       0x37 /tmp/arduino-sketch-E7AB4B6F768866C00DF1E6B229903E39/sketch/test.ino.cpp.o
                                          0x8 (size before relaxing)
 .rodata._ZN14test_incorrect4onceEv.str1.1
                0x00000000000065e2        0x3 /tmp/arduino-sketch-E7AB4B6F768866C00DF1E6B229903E39/sketch/test.ino.cpp.o
 .rodata._ZN14test_incorrectC2Ev.str1.1
                0x00000000000065e5        0xa /tmp/arduino-sketch-E7AB4B6F768866C00DF1E6B229903E39/sketch/test.ino.cpp.o
 *fill*         0x00000000000065ef        0x1 
 .rodata._ZTV11test_Custom
                0x00000000000065f0       0x18 /tmp/arduino-sketch-E7AB4B6F768866C00DF1E6B229903E39/sketch/test.ino.cpp.o
                0x00000000000065f0                vtable for test_Custom
 .rodata._ZTV12test_correct
                0x0000000000006608       0x18 /tmp/arduino-sketch-E7AB4B6F768866C00DF1E6B229903E39/sketch/test.ino.cpp.o
                0x0000000000006608                vtable for test_correct
 .rodata._ZTV14test_incorrect
                0x0000000000006620       0x18 /tmp/arduino-sketch-E7AB4B6F768866C00DF1E6B229903E39/sketch/test.ino.cpp.o
                0x0000000000006620                vtable for test_incorrect
 .rodata._ZN5aunit8internal21printAssertionMessageEP5PrintbPKctbS4_b.str1.1
                0x0000000000006638       0x73 /tmp/arduino-sketch-E7AB4B6F768866C00DF1E6B229903E39/libraries/AUnit/aunit/Assertion.cpp.o
                                         0x76 (size before relaxing)
 .rodata._ZN5aunit8PrintXml12PrintXmlDataEv.str1.1
                0x00000000000066ab      0x1c2 /tmp/arduino-sketch-E7AB4B6F768866C00DF1E6B229903E39/libraries/AUnit/aunit/PrintXml.cpp.o
                                        0x1c5 (size before relaxing)
 .rodata._ZN5aunit8PrintXml7runTestEv.str1.1
                0x000000000000686d       0xfa /tmp/arduino-sketch-E7AB4B6F768866C00DF1E6B229903E39/libraries/AUnit/aunit/PrintXml.cpp.o
 *fill*         0x0000000000006967        0x1 
 .rodata._ZTVN5aunit8PrintXmlE
                0x0000000000006968        0xc /tmp/arduino-sketch-E7AB4B6F768866C00DF1E6B229903E39/libraries/AUnit/aunit/PrintXml.cpp.o
                0x0000000000006968                vtable for aunit::PrintXml
 .rodata._ZTVN5aunit4TestE
                0x0000000000006974       0x14 /tmp/arduino-sketch-E7AB4B6F768866C00DF1E6B229903E39/libraries/AUnit/aunit/Test.cpp.o
                0x0000000000006974                vtable for aunit::Test
 .rodata._ZN5aunit4Test7resolveEv.str1.1
                0x0000000000006988       0x2e /tmp/arduino-sketch-E7AB4B6F768866C00DF1E6B229903E39/libraries/AUnit/aunit/Test.cpp.o
 .rodata._ZNK5aunit10TestRunner10resolveRunEv.str1.1
                0x00000000000069b6       0x68 /tmp/arduino-sketch-E7AB4B6F768866C00DF1E6B229903E39/libraries/AUnit/aunit/TestRunner.cpp.o
 .rodata._ZNK5aunit10TestRunner16printStartRunnerEv.str1.1
                0x0000000000006a1e       0x21 /tmp/arduino-sketch-E7AB4B6F768866C00DF1E6B229903E39/libraries/AUnit/aunit/TestRunner.cpp.o
 *fill*         0x0000000000006a3f        0x1 
 .rodata._ZTVN5aunit10TestRunnerE
                0x0000000000006a40        0xc /tmp/arduino-sketch-E7AB4B6F768866C00DF1E6B229903E39/libraries/AUnit/aunit/TestRunner.cpp.o
                0x0000000000006a40                vtable for aunit::TestRunner
 .rodata.g_APinDescription
                0x0000000000006a4c      0x480 /tmp/arduino-sketch-E7AB4B6F768866C00DF1E6B229903E39/core/variant.cpp.o
                0x0000000000006a4c                g_APinDescription
 .rodata._ZN5Print7printlnEv.str1.1
                0x0000000000006ecc        0x3 /tmp/arduino-sketch-E7AB4B6F768866C00DF1E6B229903E39/core/core.a(Print.cpp.o)
 *fill*         0x0000000000006ecf        0x1 
 .rodata._ZL10sercomData
                0x0000000000006ed0       0x30 /tmp/arduino-sketch-E7AB4B6F768866C00DF1E6B229903E39/core/core.a(SERCOM.cpp.o)
 .rodata._ZTV17Adafruit_USBD_CDC
                0x0000000000006f00       0x34 /tmp/arduino-sketch-E7AB4B6F768866C00DF1E6B229903E39/core/core.a(Adafruit_USBD_CDC.cpp.o)
                0x0000000000006f00                vtable for Adafruit_USBD_CDC
 .rodata        0x0000000000006f34       0x10 /tmp/arduino-sketch-E7AB4B6F768866C00DF1E6B229903E39/core/core.a(Adafruit_TinyUSB_SAMD.cpp.o)
 .rodata._Z26Adafruit_TinyUSB_Core_initv.str1.1
                0x0000000000006f44        0xf /tmp/arduino-sketch-E7AB4B6F768866C00DF1E6B229903E39/core/core.a(Adafruit_TinyUSB_SAMD.cpp.o)
 .rodata._ZZN20Adafruit_USBD_Device19getSerialDescriptorEPtE13nibble_to_hex
                0x0000000000006f53       0x10 /tmp/arduino-sketch-E7AB4B6F768866C00DF1E6B229903E39/core/core.a(Adafruit_TinyUSB_SAMD.cpp.o)
 *fill*         0x0000000000006f63        0x1 
 .rodata._ZTV4Uart
                0x0000000000006f64       0x34 /tmp/arduino-sketch-E7AB4B6F768866C00DF1E6B229903E39/core/core.a(Uart.cpp.o)
                0x0000000000006f64                vtable for Uart
 .rodata._usbd_driver
                0x0000000000006f98       0x8c /tmp/arduino-sketch-E7AB4B6F768866C00DF1E6B229903E39/core/core.a(usbd.c.o)
 .rodata        0x0000000000007024       0x1b /tmp/arduino-sketch-E7AB4B6F768866C00DF1E6B229903E39/core/core.a(Adafruit_USBD_Device.cpp.o)
 .rodata._ZN20Adafruit_USBD_DeviceC2Ev.str1.1
                0x000000000000703f       0x1b /tmp/arduino-sketch-E7AB4B6F768866C00DF1E6B229903E39/core/core.a(Adafruit_USBD_Device.cpp.o)
 *(.eh_frame*)
 *fill*         0x000000000000705a        0x2 
 .eh_frame      0x000000000000705c        0x0 /home/ubuntu/.arduino15/packages/arduino/tools/arm-none-eabi-gcc/7-2017q4/bin/../lib/gcc/arm-none-eabi/7.2.1/thumb/v6-m/crtbegin.o
 .eh_frame      0x000000000000705c        0x4 /home/ubuntu/.arduino15/packages/arduino/tools/arm-none-eabi-gcc/7-2017q4/bin/../lib/gcc/arm-none-eabi/7.2.1/thumb/v6-m/crtend.o

.glue_7         0x0000000000007060        0x0
 .glue_7        0x0000000000007060        0x0 linker stubs

.glue_7t        0x0000000000007060        0x0
 .glue_7t       0x0000000000007060        0x0 linker stubs

.vfp11_veneer   0x0000000000007060        0x0
 .vfp11_veneer  0x0000000000007060        0x0 linker stubs

.v4_bx          0x0000000000007060        0x0
 .v4_bx         0x0000000000007060        0x0 linker stubs

.iplt           0x0000000000007060        0x0
 .iplt          0x0000000000007060        0x0 /home/ubuntu/.arduino15/packages/arduino/tools/arm-none-eabi-gcc/7-2017q4/bin/../lib/gcc/arm-none-eabi/7.2.1/thumb/v6-m/crtbegin.o

.rel.dyn        0x0000000000007060        0x0
 .rel.iplt      0x0000000000007060        0x0 /home/ubuntu/.arduino15/packages/arduino/tools/arm-none-eabi-gcc/7-2017q4/bin/../lib/gcc/arm-none-eabi/7.2.1/thumb/v6-m/crtbegin.o

.ARM.extab
 *(.ARM.extab* .gnu.linkonce.armextab.*)
                0x0000000000007060                __exidx_start = .

.ARM.exidx
 *(.ARM.exidx* .gnu.linkonce.armexidx.*)
                0x0000000000007060                __exidx_end = .
                0x0000000000007060                __etext = .

.data           0x0000000020000000       0x40 load address 0x0000000000007060
                0x0000000020000000                __data_start__ = .
 *(vtable)
 *(.data*)
 .data._ZN5aunit7Printer8sPrinterE
                0x0000000020000000        0x4 /tmp/arduino-sketch-E7AB4B6F768866C00DF1E6B229903E39/libraries/AUnit/aunit/Printer.cpp.o
                0x0000000020000000                aunit::Printer::sPrinter
 .data.SystemCoreClock
                0x0000000020000004        0x4 /tmp/arduino-sketch-E7AB4B6F768866C00DF1E6B229903E39/core/core.a(wiring.c.o)
                0x0000000020000004                SystemCoreClock
 .data._ZL5ticks
                0x0000000020000008        0x4 /tmp/arduino-sketch-E7AB4B6F768866C00DF1E6B229903E39/core/core.a(Reset.cpp.o)
 .data._usbd_qdef
                0x000000002000000c       0x14 /tmp/arduino-sketch-E7AB4B6F768866C00DF1E6B229903E39/core/core.a(usbd.c.o)
                0x000000002000000c                _usbd_qdef
                0x0000000020000020                . = ALIGN (0x4)
                0x0000000020000020                PROVIDE (__preinit_array_start, .)
 *(.preinit_array)
                0x0000000020000020                PROVIDE (__preinit_array_end, .)
                0x0000000020000020                . = ALIGN (0x4)
                0x0000000020000020                PROVIDE (__init_array_start, .)
 *(SORT_BY_NAME(.init_array.*))
 *(.init_array)
 .init_array    0x0000000020000020        0x4 /home/ubuntu/.arduino15/packages/arduino/tools/arm-none-eabi-gcc/7-2017q4/bin/../lib/gcc/arm-none-eabi/7.2.1/thumb/v6-m/crtbegin.o
 .init_array    0x0000000020000024        0x4 /tmp/arduino-sketch-E7AB4B6F768866C00DF1E6B229903E39/sketch/test.ino.cpp.o
 .init_array    0x0000000020000028        0x4 /tmp/arduino-sketch-E7AB4B6F768866C00DF1E6B229903E39/core/variant.cpp.o
 .init_array    0x000000002000002c        0x4 /tmp/arduino-sketch-E7AB4B6F768866C00DF1E6B229903E39/core/core.a(Adafruit_USBD_CDC.cpp.o)
 .init_array    0x0000000020000030        0x4 /tmp/arduino-sketch-E7AB4B6F768866C00DF1E6B229903E39/core/core.a(Adafruit_USBD_Device.cpp.o)
                0x0000000020000034                PROVIDE (__init_array_end, .)
                0x0000000020000034                . = ALIGN (0x4)
                [!provide]                        PROVIDE (__fini_array_start, .)
 *(SORT_BY_NAME(.fini_array.*))
 *(.fini_array)
 .fini_array    0x0000000020000034        0x4 /home/ubuntu/.arduino15/packages/arduino/tools/arm-none-eabi-gcc/7-2017q4/bin/../lib/gcc/arm-none-eabi/7.2.1/thumb/v6-m/crtbegin.o
                [!provide]                        PROVIDE (__fini_array_end, .)
 *(.jcr*)
                0x0000000020000040                . = ALIGN (0x10)
 *fill*         0x0000000020000038        0x8 
                0x0000000020000040                __data_end__ = .

.igot.plt       0x0000000020000040        0x0 load address 0x00000000000070a0
 .igot.plt      0x0000000020000040        0x0 /home/ubuntu/.arduino15/packages/arduino/tools/arm-none-eabi-gcc/7-2017q4/bin/../lib/gcc/arm-none-eabi/7.2.1/thumb/v6-m/crtbegin.o

.bss            0x0000000020000040     0x130c load address 0x00000000000070a0
                0x0000000020000040                . = ALIGN (0x4)
                0x0000000020000040                __bss_start__ = .
 *(.bss*)
 .bss           0x0000000020000040       0x1c /home/ubuntu/.arduino15/packages/arduino/tools/arm-none-eabi-gcc/7-2017q4/bin/../lib/gcc/arm-none-eabi/7.2.1/thumb/v6-m/crtbegin.o
 .bss.test_Custom_instance
                0x000000002000005c       0x14 /tmp/arduino-sketch-E7AB4B6F768866C00DF1E6B229903E39/sketch/test.ino.cpp.o
                0x000000002000005c                test_Custom_instance
 .bss.test_correct_instance
                0x0000000020000070       0x14 /tmp/arduino-sketch-E7AB4B6F768866C00DF1E6B229903E39/sketch/test.ino.cpp.o
                0x0000000020000070                test_correct_instance
 .bss.test_incorrect_instance
                0x0000000020000084       0x14 /tmp/arduino-sketch-E7AB4B6F768866C00DF1E6B229903E39/sketch/test.ino.cpp.o
                0x0000000020000084                test_incorrect_instance
 .bss._ZGVZN5aunit8PrintXml6getXmlEvE15singletonRunner
                0x0000000020000098        0x4 /tmp/arduino-sketch-E7AB4B6F768866C00DF1E6B229903E39/libraries/AUnit/aunit/PrintXml.cpp.o
 .bss._ZZN5aunit8PrintXml6getXmlEvE15singletonRunner
                0x000000002000009c       0x24 /tmp/arduino-sketch-E7AB4B6F768866C00DF1E6B229903E39/libraries/AUnit/aunit/PrintXml.cpp.o
 .bss._ZZN5aunit4Test7getRootEvE4root
                0x00000000200000c0        0x4 /tmp/arduino-sketch-E7AB4B6F768866C00DF1E6B229903E39/libraries/AUnit/aunit/Test.cpp.o
 .bss._ZGVZN5aunit10TestRunner9getRunnerEvE15singletonRunner
                0x00000000200000c4        0x4 /tmp/arduino-sketch-E7AB4B6F768866C00DF1E6B229903E39/libraries/AUnit/aunit/TestRunner.cpp.o
 .bss._ZZN5aunit10TestRunner9getRunnerEvE15singletonRunner
                0x00000000200000c8       0x24 /tmp/arduino-sketch-E7AB4B6F768866C00DF1E6B229903E39/libraries/AUnit/aunit/TestRunner.cpp.o
 .bss.Serial0   0x00000000200000ec      0x2fc /tmp/arduino-sketch-E7AB4B6F768866C00DF1E6B229903E39/core/variant.cpp.o
                0x00000000200000ec                Serial0
 .bss.Serial1   0x00000000200003e8      0x2fc /tmp/arduino-sketch-E7AB4B6F768866C00DF1E6B229903E39/core/variant.cpp.o
                0x00000000200003e8                Serial1
 .bss.sercom0   0x00000000200006e4        0x4 /tmp/arduino-sketch-E7AB4B6F768866C00DF1E6B229903E39/core/variant.cpp.o
                0x00000000200006e4                sercom0
 .bss.sercom1   0x00000000200006e8        0x4 /tmp/arduino-sketch-E7AB4B6F768866C00DF1E6B229903E39/core/variant.cpp.o
                0x00000000200006e8                sercom1
 .bss.sercom2   0x00000000200006ec        0x4 /tmp/arduino-sketch-E7AB4B6F768866C00DF1E6B229903E39/core/variant.cpp.o
                0x00000000200006ec                sercom2
 .bss.sercom3   0x00000000200006f0        0x4 /tmp/arduino-sketch-E7AB4B6F768866C00DF1E6B229903E39/core/variant.cpp.o
                0x00000000200006f0                sercom3
 .bss.sercom4   0x00000000200006f4        0x4 /tmp/arduino-sketch-E7AB4B6F768866C00DF1E6B229903E39/core/variant.cpp.o
                0x00000000200006f4                sercom4
 .bss.sercom5   0x00000000200006f8        0x4 /tmp/arduino-sketch-E7AB4B6F768866C00DF1E6B229903E39/core/variant.cpp.o
                0x00000000200006f8                sercom5
 .bss._ulTickCount
                0x00000000200006fc        0x4 /tmp/arduino-sketch-E7AB4B6F768866C00DF1E6B229903E39/core/core.a(delay.c.o)
 .bss.Serial    0x0000000020000700       0x18 /tmp/arduino-sketch-E7AB4B6F768866C00DF1E6B229903E39/core/core.a(Adafruit_USBD_CDC.cpp.o)
                0x0000000020000700                Serial
 .bss._cdcd_itf
                0x0000000020000718      0x2b0 /tmp/arduino-sketch-E7AB4B6F768866C00DF1E6B229903E39/core/core.a(cdc_device.c.o)
 .bss._app_driver
                0x00000000200009c8        0x4 /tmp/arduino-sketch-E7AB4B6F768866C00DF1E6B229903E39/core/core.a(usbd.c.o)
 .bss._app_driver_count
                0x00000000200009cc        0x1 /tmp/arduino-sketch-E7AB4B6F768866C00DF1E6B229903E39/core/core.a(usbd.c.o)
 .bss._usbd_dev
                0x00000000200009cd       0x32 /tmp/arduino-sketch-E7AB4B6F768866C00DF1E6B229903E39/core/core.a(usbd.c.o)
 *fill*         0x00000000200009ff        0x1 
 .bss._usbd_q   0x0000000020000a00        0x4 /tmp/arduino-sketch-E7AB4B6F768866C00DF1E6B229903E39/core/core.a(usbd.c.o)
 .bss._ctrl_xfer
                0x0000000020000a04       0x14 /tmp/arduino-sketch-E7AB4B6F768866C00DF1E6B229903E39/core/core.a(usbd_control.c.o)
 .bss._usbd_ctrl_buf
                0x0000000020000a18       0x40 /tmp/arduino-sketch-E7AB4B6F768866C00DF1E6B229903E39/core/core.a(usbd_control.c.o)
 .bss._setup_packet
                0x0000000020000a58        0x8 /tmp/arduino-sketch-E7AB4B6F768866C00DF1E6B229903E39/core/core.a(dcd_samd.c.o)
 .bss.sram_registers
                0x0000000020000a60      0x100 /tmp/arduino-sketch-E7AB4B6F768866C00DF1E6B229903E39/core/core.a(dcd_samd.c.o)
 .bss._initialized
                0x0000000020000b60        0x1 /tmp/arduino-sketch-E7AB4B6F768866C00DF1E6B229903E39/core/core.a(tusb.c.o)
 *fill*         0x0000000020000b61        0x3 
 .bss.USBDevice
                0x0000000020000b64      0x144 /tmp/arduino-sketch-E7AB4B6F768866C00DF1E6B229903E39/core/core.a(Adafruit_USBD_Device.cpp.o)
                0x0000000020000b64                USBDevice
 .bss._ZZN20Adafruit_USBD_Device20descriptor_string_cbEhtE9_desc_str
                0x0000000020000ca8       0x42 /tmp/arduino-sketch-E7AB4B6F768866C00DF1E6B229903E39/core/core.a(Adafruit_USBD_Device.cpp.o)
 *fill*         0x0000000020000cea        0x2 
 .bss._hidd_itf
                0x0000000020000cec       0x8c /tmp/arduino-sketch-E7AB4B6F768866C00DF1E6B229903E39/core/core.a(hid_device.c.o)
 .bss._mscd_buf
                0x0000000020000d78      0x200 /tmp/arduino-sketch-E7AB4B6F768866C00DF1E6B229903E39/core/core.a(msc_device.c.o)
 .bss._mscd_itf
                0x0000000020000f78       0x40 /tmp/arduino-sketch-E7AB4B6F768866C00DF1E6B229903E39/core/core.a(msc_device.c.o)
 .bss._vendord_itf
                0x0000000020000fb8      0x124 /tmp/arduino-sketch-E7AB4B6F768866C00DF1E6B229903E39/core/core.a(vendor_device.c.o)
 *(COMMON)
 COMMON         0x00000000200010dc       0xc0 /tmp/arduino-sketch-E7AB4B6F768866C00DF1E6B229903E39/core/core.a(usbd.c.o)
                0x00000000200010dc                _usbd_qdef_buf
 COMMON         0x000000002000119c      0x1b0 /tmp/arduino-sketch-E7AB4B6F768866C00DF1E6B229903E39/core/core.a(midi_device.c.o)
                0x000000002000119c                _midid_itf
                0x000000002000134c                . = ALIGN (0x4)
                0x000000002000134c                __bss_end__ = .

.heap           0x000000002000134c        0x0
                0x000000002000134c                __end__ = .
                0x000000002000134c                PROVIDE (end, .)
 *(.heap*)
                0x000000002000134c                __HeapLimit = .

.stack_dummy    0x000000002000134c        0x0
 *(.stack*)
                0x0000000020008000                __StackTop = (ORIGIN (RAM) + LENGTH (RAM))
                0x0000000020008000                __StackLimit = (__StackTop - SIZEOF (.stack_dummy))
                0x0000000020008000                PROVIDE (__stack, __StackTop)
                0x0000000020007fff                __ram_end__ = ((ORIGIN (RAM) + LENGTH (RAM)) - 0x1)
                0x0000000000000001                ASSERT ((__StackLimit >= __HeapLimit), region RAM overflowed with stack)
OUTPUT(/tmp/arduino-sketch-E7AB4B6F768866C00DF1E6B229903E39/test.ino.elf elf32-littlearm)

.ARM.attributes
                0x0000000000000000       0x28
 .ARM.attributes
                0x0000000000000000       0x1e /home/ubuntu/.arduino15/packages/arduino/tools/arm-none-eabi-gcc/7-2017q4/bin/../lib/gcc/arm-none-eabi/7.2.1/thumb/v6-m/crti.o
 .ARM.attributes
                0x000000000000001e       0x2c /home/ubuntu/.arduino15/packages/arduino/tools/arm-none-eabi-gcc/7-2017q4/bin/../lib/gcc/arm-none-eabi/7.2.1/thumb/v6-m/crtbegin.o
 .ARM.attributes
                0x000000000000004a       0x32 /tmp/arduino-sketch-E7AB4B6F768866C00DF1E6B229903E39/sketch/test.ino.cpp.o
 .ARM.attributes
                0x000000000000007c       0x32 /tmp/arduino-sketch-E7AB4B6F768866C00DF1E6B229903E39/libraries/AUnit/aunit/Assertion.cpp.o
 .ARM.attributes
                0x00000000000000ae       0x32 /tmp/arduino-sketch-E7AB4B6F768866C00DF1E6B229903E39/libraries/AUnit/aunit/Compare.cpp.o
 .ARM.attributes
                0x00000000000000e0       0x32 /tmp/arduino-sketch-E7AB4B6F768866C00DF1E6B229903E39/libraries/AUnit/aunit/FCString.cpp.o
 .ARM.attributes
                0x0000000000000112       0x32 /tmp/arduino-sketch-E7AB4B6F768866C00DF1E6B229903E39/libraries/AUnit/aunit/PrintXml.cpp.o
 .ARM.attributes
                0x0000000000000144       0x32 /tmp/arduino-sketch-E7AB4B6F768866C00DF1E6B229903E39/libraries/AUnit/aunit/Printer.cpp.o
 .ARM.attributes
                0x0000000000000176       0x32 /tmp/arduino-sketch-E7AB4B6F768866C00DF1E6B229903E39/libraries/AUnit/aunit/Test.cpp.o
 .ARM.attributes
                0x00000000000001a8       0x32 /tmp/arduino-sketch-E7AB4B6F768866C00DF1E6B229903E39/libraries/AUnit/aunit/TestOnce.cpp.o
 .ARM.attributes
                0x00000000000001da       0x32 /tmp/arduino-sketch-E7AB4B6F768866C00DF1E6B229903E39/libraries/AUnit/aunit/TestRunner.cpp.o
 .ARM.attributes
                0x000000000000020c       0x32 /tmp/arduino-sketch-E7AB4B6F768866C00DF1E6B229903E39/core/variant.cpp.o
 .ARM.attributes
                0x000000000000023e       0x32 /tmp/arduino-sketch-E7AB4B6F768866C00DF1E6B229903E39/core/core.a(cortex_handlers.c.o)
 .ARM.attributes
                0x0000000000000270       0x32 /tmp/arduino-sketch-E7AB4B6F768866C00DF1E6B229903E39/core/core.a(delay.c.o)
 .ARM.attributes
                0x00000000000002a2       0x32 /tmp/arduino-sketch-E7AB4B6F768866C00DF1E6B229903E39/core/core.a(hooks.c.o)
 .ARM.attributes
                0x00000000000002d4       0x32 /tmp/arduino-sketch-E7AB4B6F768866C00DF1E6B229903E39/core/core.a(startup.c.o)
 .ARM.attributes
                0x0000000000000306       0x32 /tmp/arduino-sketch-E7AB4B6F768866C00DF1E6B229903E39/core/core.a(wiring.c.o)
 .ARM.attributes
                0x0000000000000338       0x32 /tmp/arduino-sketch-E7AB4B6F768866C00DF1E6B229903E39/core/core.a(wiring_analog.c.o)
 .ARM.attributes
                0x000000000000036a       0x32 /tmp/arduino-sketch-E7AB4B6F768866C00DF1E6B229903E39/core/core.a(wiring_digital.c.o)
 .ARM.attributes
                0x000000000000039c       0x32 /tmp/arduino-sketch-E7AB4B6F768866C00DF1E6B229903E39/core/core.a(wiring_private.c.o)
 .ARM.attributes
                0x00000000000003ce       0x32 /tmp/arduino-sketch-E7AB4B6F768866C00DF1E6B229903E39/core/core.a(Print.cpp.o)
 .ARM.attributes
                0x0000000000000400       0x32 /tmp/arduino-sketch-E7AB4B6F768866C00DF1E6B229903E39/core/core.a(Reset.cpp.o)
 .ARM.attributes
                0x0000000000000432       0x32 /tmp/arduino-sketch-E7AB4B6F768866C00DF1E6B229903E39/core/core.a(SERCOM.cpp.o)
 .ARM.attributes
                0x0000000000000464       0x32 /tmp/arduino-sketch-E7AB4B6F768866C00DF1E6B229903E39/core/core.a(Adafruit_USBD_CDC.cpp.o)
 .ARM.attributes
                0x0000000000000496       0x32 /tmp/arduino-sketch-E7AB4B6F768866C00DF1E6B229903E39/core/core.a(Adafruit_TinyUSB_SAMD.cpp.o)
 .ARM.attributes
                0x00000000000004c8       0x32 /tmp/arduino-sketch-E7AB4B6F768866C00DF1E6B229903E39/core/core.a(Uart.cpp.o)
 .ARM.attributes
                0x00000000000004fa       0x32 /tmp/arduino-sketch-E7AB4B6F768866C00DF1E6B229903E39/core/core.a(abi.cpp.o)
 .ARM.attributes
                0x000000000000052c       0x32 /tmp/arduino-sketch-E7AB4B6F768866C00DF1E6B229903E39/core/core.a(main.cpp.o)
 .ARM.attributes
                0x000000000000055e       0x32 /tmp/arduino-sketch-E7AB4B6F768866C00DF1E6B229903E39/core/core.a(cdc_device.c.o)
 .ARM.attributes
                0x0000000000000590       0x32 /tmp/arduino-sketch-E7AB4B6F768866C00DF1E6B229903E39/core/core.a(tusb_fifo.c.o)
 .ARM.attributes
                0x00000000000005c2       0x32 /tmp/arduino-sketch-E7AB4B6F768866C00DF1E6B229903E39/core/core.a(usbd.c.o)
 .ARM.attributes
                0x00000000000005f4       0x32 /tmp/arduino-sketch-E7AB4B6F768866C00DF1E6B229903E39/core/core.a(usbd_control.c.o)
 .ARM.attributes
                0x0000000000000626       0x32 /tmp/arduino-sketch-E7AB4B6F768866C00DF1E6B229903E39/core/core.a(dcd_samd.c.o)
 .ARM.attributes
                0x0000000000000658       0x32 /tmp/arduino-sketch-E7AB4B6F768866C00DF1E6B229903E39/core/core.a(tusb.c.o)
 .ARM.attributes
                0x000000000000068a       0x32 /tmp/arduino-sketch-E7AB4B6F768866C00DF1E6B229903E39/core/core.a(Adafruit_USBD_Device.cpp.o)
 .ARM.attributes
                0x00000000000006bc       0x32 /tmp/arduino-sketch-E7AB4B6F768866C00DF1E6B229903E39/core/core.a(hid_device.c.o)
 .ARM.attributes
                0x00000000000006ee       0x32 /tmp/arduino-sketch-E7AB4B6F768866C00DF1E6B229903E39/core/core.a(midi_device.c.o)
 .ARM.attributes
                0x0000000000000720       0x32 /tmp/arduino-sketch-E7AB4B6F768866C00DF1E6B229903E39/core/core.a(msc_device.c.o)
 .ARM.attributes
                0x0000000000000752       0x32 /tmp/arduino-sketch-E7AB4B6F768866C00DF1E6B229903E39/core/core.a(vendor_device.c.o)
 .ARM.attributes
                0x0000000000000784       0x1e /home/ubuntu/.arduino15/packages/arduino/tools/arm-none-eabi-gcc/7-2017q4/bin/../lib/gcc/arm-none-eabi/7.2.1/thumb/v6-m/libgcc.a(_thumb1_case_sqi.o)
 .ARM.attributes
                0x00000000000007a2       0x1e /home/ubuntu/.arduino15/packages/arduino/tools/arm-none-eabi-gcc/7-2017q4/bin/../lib/gcc/arm-none-eabi/7.2.1/thumb/v6-m/libgcc.a(_thumb1_case_uqi.o)
 .ARM.attributes
                0x00000000000007c0       0x1e /home/ubuntu/.arduino15/packages/arduino/tools/arm-none-eabi-gcc/7-2017q4/bin/../lib/gcc/arm-none-eabi/7.2.1/thumb/v6-m/libgcc.a(_thumb1_case_shi.o)
 .ARM.attributes
                0x00000000000007de       0x1e /home/ubuntu/.arduino15/packages/arduino/tools/arm-none-eabi-gcc/7-2017q4/bin/../lib/gcc/arm-none-eabi/7.2.1/thumb/v6-m/libgcc.a(_thumb1_case_uhi.o)
 .ARM.attributes
                0x00000000000007fc       0x1e /home/ubuntu/.arduino15/packages/arduino/tools/arm-none-eabi-gcc/7-2017q4/bin/../lib/gcc/arm-none-eabi/7.2.1/thumb/v6-m/libgcc.a(_udivsi3.o)
 .ARM.attributes
                0x000000000000081a       0x1e /home/ubuntu/.arduino15/packages/arduino/tools/arm-none-eabi-gcc/7-2017q4/bin/../lib/gcc/arm-none-eabi/7.2.1/thumb/v6-m/libgcc.a(_dvmd_tls.o)
 .ARM.attributes
                0x0000000000000838       0x2c /home/ubuntu/.arduino15/packages/arduino/tools/arm-none-eabi-gcc/7-2017q4/bin/../lib/gcc/arm-none-eabi/7.2.1/../../../../arm-none-eabi/lib/thumb/v6-m/libc_nano.a(lib_a-init.o)
 .ARM.attributes
                0x0000000000000864       0x2c /home/ubuntu/.arduino15/packages/arduino/tools/arm-none-eabi-gcc/7-2017q4/bin/../lib/gcc/arm-none-eabi/7.2.1/../../../../arm-none-eabi/lib/thumb/v6-m/libc_nano.a(lib_a-memcpy-stub.o)
 .ARM.attributes
                0x0000000000000890       0x2c /home/ubuntu/.arduino15/packages/arduino/tools/arm-none-eabi-gcc/7-2017q4/bin/../lib/gcc/arm-none-eabi/7.2.1/../../../../arm-none-eabi/lib/thumb/v6-m/libc_nano.a(lib_a-memmove.o)
 .ARM.attributes
                0x00000000000008bc       0x2c /home/ubuntu/.arduino15/packages/arduino/tools/arm-none-eabi-gcc/7-2017q4/bin/../lib/gcc/arm-none-eabi/7.2.1/../../../../arm-none-eabi/lib/thumb/v6-m/libc_nano.a(lib_a-memset.o)
 .ARM.attributes
                0x00000000000008e8       0x1c /home/ubuntu/.arduino15/packages/arduino/tools/arm-none-eabi-gcc/7-2017q4/bin/../lib/gcc/arm-none-eabi/7.2.1/../../../../arm-none-eabi/lib/thumb/v6-m/libc_nano.a(lib_a-strcmp.o)
 .ARM.attributes
                0x0000000000000904       0x1c /home/ubuntu/.arduino15/packages/arduino/tools/arm-none-eabi-gcc/7-2017q4/bin/../lib/gcc/arm-none-eabi/7.2.1/../../../../arm-none-eabi/lib/thumb/v6-m/libc_nano.a(lib_a-strlen.o)
 .ARM.attributes
                0x0000000000000920       0x2c /home/ubuntu/.arduino15/packages/arduino/tools/arm-none-eabi-gcc/7-2017q4/bin/../lib/gcc/arm-none-eabi/7.2.1/thumb/v6-m/crtend.o
 .ARM.attributes
                0x000000000000094c       0x1e /home/ubuntu/.arduino15/packages/arduino/tools/arm-none-eabi-gcc/7-2017q4/bin/../lib/gcc/arm-none-eabi/7.2.1/thumb/v6-m/crtn.o

.comment        0x0000000000000000       0x7e
 .comment       0x0000000000000000       0x7e /tmp/arduino-sketch-E7AB4B6F768866C00DF1E6B229903E39/sketch/test.ino.cpp.o
                                         0x7f (size before relaxing)